   Compiling boru-core v0.108.0 (/tmp/ui17-verify)
warning: unused import: `AsyncWriteExt`
   --> src/streaming_server.rs:112:35
    |
112 |     use tokio::io::{AsyncReadExt, AsyncWriteExt};
    |                                   ^^^^^^^^^^^^^
    |
    = note: `#[warn(unused_imports)]` (part of `#[warn(unused)]`) on by default

warning: type does not implement `Debug`; consider adding `#[derive(Debug)]` or a manual implementation
  --> src/streaming_server.rs:21:1
   |
21 | / pub struct StreamingServer {
22 | |     /// The port the server is listening on.
23 | |     pub port: u16,
24 | |     /// Handle to the server task.
...  |
27 | |     running: Arc<AtomicBool>,
28 | | }
   | |_^
   |
   = note: requested on the command line with `-W missing-debug-implementations`

warning: this lint expectation is unfulfilled
   --> src/room_history.rs:166:14
    |
166 |     #[expect(dead_code)]
    |              ^^^^^^^^^
    |
    = note: `#[warn(unfulfilled_lint_expectations)]` on by default

warning: `boru-core` (lib) generated 3 warnings (run `cargo fix --lib -p boru-core` to apply 1 suggestion)
warning: unused import: `crate::notification::backend::NoopBackend`
  --> examples/iced_chat/app.rs:24:5
   |
24 | use crate::notification::backend::NoopBackend;
   |     ^^^^^^^^^^^^^^^^^^^^^^^^^^^^^^^^^^^^^^^^^
   |
   = note: `#[warn(unused_imports)]` (part of `#[warn(unused)]`) on by default

warning: unused imports: `ConversationMute`, `DoNotDisturb`, `NotificationPreferences`, `PreviewMode`, and `WindowFocusState`
  --> examples/iced_chat/app.rs:30:5
   |
30 |     ConversationMute, DoNotDisturb, NotificationPreferences, NotificationService, PreviewMode,
   |     ^^^^^^^^^^^^^^^^  ^^^^^^^^^^^^  ^^^^^^^^^^^^^^^^^^^^^^^                       ^^^^^^^^^^^
31 |     WindowFocusState,
   |     ^^^^^^^^^^^^^^^^

warning: unused import: `GroupTopicHistory`
  --> examples/iced_chat/app.rs:49:24
   |
49 |     ConversationStore, GroupTopicHistory,
   |                        ^^^^^^^^^^^^^^^^^

warning: unused import: `TunnelDefinition`
  --> examples/iced_chat/app.rs:84:34
   |
84 | use boru_core::tunnel::service::{TunnelDefinition, TunnelStatus};
   |                                  ^^^^^^^^^^^^^^^^

warning: unused imports: `PlaybackCoordinator`, `VideoInstanceKey`, `VideoJitterBuffer`, and `verify_local_attachment`
  --> examples/iced_chat/app.rs:87:35
   |
87 |     validate_attachment_filename, verify_local_attachment, PlaybackCoordinator, VideoInstanceKey,
   |                                   ^^^^^^^^^^^^^^^^^^^^^^^  ^^^^^^^^^^^^^^^^^^^  ^^^^^^^^^^^^^^^^
88 |     VideoJitterBuffer,
   |     ^^^^^^^^^^^^^^^^^

warning: unused import: `TunnelDefinition`
    --> examples/iced_chat/app.rs:1316:38
     |
1316 |     use boru_core::tunnel::service::{TunnelDefinition, TunnelStatus};
     |                                      ^^^^^^^^^^^^^^^^

warning: unused import: `Row`
     --> examples/iced_chat/app.rs:19830:88
      |
19830 |             button, checkbox, column, container, scrollable, text, text_input, Column, Row,
      |                                                                                        ^^^

warning: unused import: `Row`
     --> examples/iced_chat/app.rs:20031:91
      |
20031 |         use iced::widget::{button, checkbox, column, container, scrollable, text, Column, Row};
      |                                                                                           ^^^

warning: unused import: `Row`
     --> examples/iced_chat/app.rs:22186:50
      |
22186 |         use iced::widget::{container, row, text, Row, Space};
      |                                                  ^^^

warning: unnecessary trailing semicolon
     --> examples/iced_chat/app.rs:23442:10
      |
23442 |         };
      |          ^ help: remove this semicolon
      |
      = note: `#[warn(redundant_semicolons)]` (part of `#[warn(unused)]`) on by default

warning: unused import: `Space`
     --> examples/iced_chat/app.rs:23390:66
      |
23390 |         use iced::widget::{button, column, container, row, text, Space};
      |                                                                  ^^^^^

warning: unused import: `self`
  --> examples/iced_chat/component_gallery.rs:15:5
   |
15 |     self, badge, card_header, date_separator, divider, elevated_card, empty_state,
   |     ^^^^

warning: unused import: `SPACE_24`
  --> examples/iced_chat/connection_details.rs:18:34
   |
18 |     SPACE_12, SPACE_16, SPACE_2, SPACE_24, SPACE_4, SPACE_6, SPACE_8, TYPO_SM, TYPO_XL, TYPO_XS,
   |                                  ^^^^^^^^

warning: unused import: `Element`
  --> examples/iced_chat/icon_system.rs:35:19
   |
35 | use iced::{Color, Element};
   |                   ^^^^^^^

warning: unused import: `NotificationActionTarget`
  --> examples/iced_chat/notification/service.rs:15:5
   |
15 |     NotificationActionTarget, NotificationEvent, NotificationEventKind, NotificationPriority,
   |     ^^^^^^^^^^^^^^^^^^^^^^^^

warning: unused import: `self`
  --> examples/iced_chat/ui_components.rs:41:26
   |
41 | use crate::icon_system::{self, Icon, IconSize};
   |                          ^^^^

warning: use of deprecated method `boru_core::chat_history::ChatHistoryStore::save`: SQLite inbox/outbox tables replace chat_history.json writes
    --> examples/iced_chat/app.rs:5787:41
     |
5787 |                 if let Err(err) = store.save() {
     |                                         ^^^^
     |
     = note: `#[warn(deprecated)]` on by default

warning: unused variable: `t`
   --> examples/iced_chat/app.rs:383:31
    |
383 |             t = t.style(move |t| text::Style { color: Some(c) });
    |                               ^ help: if this is intentional, prefix it with an underscore: `_t`
    |
    = note: `#[warn(unused_variables)]` (part of `#[warn(unused)]`) on by default

warning: unused variable: `t`
    --> examples/iced_chat/app.rs:4928:22
     |
4928 |         .style(move |t| container::Style {
     |                      ^ help: if this is intentional, prefix it with an underscore: `_t`

warning: variable does not need to be mutable
    --> examples/iced_chat/app.rs:5285:17
     |
5285 |             let mut store = if let Some(ref st) = storage {
     |                 ----^^^^^
     |                 |
     |                 help: remove this `mut`
     |
     = note: `#[warn(unused_mut)]` (part of `#[warn(unused)]`) on by default

warning: unused variable: `neighbor_count`
    --> examples/iced_chat/app.rs:8385:29
     |
8385 |                         let neighbor_count = neighbor_ids.len();
     |                             ^^^^^^^^^^^^^^ help: if this is intentional, prefix it with an underscore: `_neighbor_count`

warning: unused variable: `description`
     --> examples/iced_chat/app.rs:10500:17
      |
10500 |                 description,
      |                 ^^^^^^^^^^^ help: try ignoring the field: `description: _`

warning: unused variable: `entry`
     --> examples/iced_chat/app.rs:14798:26
      |
14798 |                     Some(entry) => {
      |                          ^^^^^ help: if this is intentional, prefix it with an underscore: `_entry`

warning: unused variable: `inviter_name`
     --> examples/iced_chat/app.rs:14817:21
      |
14817 |                 let inviter_name = self.local_label.clone();
      |                     ^^^^^^^^^^^^ help: if this is intentional, prefix it with an underscore: `_inviter_name`

warning: unused variable: `data_dir`
     --> examples/iced_chat/app.rs:14820:21
      |
14820 |                 let data_dir = self.data_dir.clone();
      |                     ^^^^^^^^ help: if this is intentional, prefix it with an underscore: `_data_dir`

warning: unused variable: `sk`
     --> examples/iced_chat/app.rs:14821:21
      |
14821 |                 let sk = self.secret_key.clone();
      |                     ^^ help: if this is intentional, prefix it with an underscore: `_sk`

warning: unused variable: `idx`
     --> examples/iced_chat/app.rs:17098:42
      |
17098 |             AppMessage::ContextCopyImage(idx) => {
      |                                          ^^^ help: if this is intentional, prefix it with an underscore: `_idx`

warning: unused variable: `t`
     --> examples/iced_chat/app.rs:19448:55
      |
19448 |                 text("Loading…").size(16).style(move |t| text::Style {
      |                                                       ^ help: if this is intentional, prefix it with an underscore: `_t`

warning: unused variable: `t`
     --> examples/iced_chat/app.rs:19444:52
      |
19444 |                 text(spinner).size(24).style(move |t| text::Style {
      |                                                    ^ help: if this is intentional, prefix it with an underscore: `_t`

warning: unused variable: `t`
     --> examples/iced_chat/app.rs:19438:30
      |
19438 |                 .style(move |t| text::Style {
      |                              ^ help: if this is intentional, prefix it with an underscore: `_t`

warning: unused variable: `t`
     --> examples/iced_chat/app.rs:19745:26
      |
19745 |             .style(move |t| iced::widget::container::Style {
      |                          ^ help: if this is intentional, prefix it with an underscore: `_t`

warning: unused variable: `t`
     --> examples/iced_chat/app.rs:19801:26
      |
19801 |             .style(move |t| iced::widget::container::Style {
      |                          ^ help: if this is intentional, prefix it with an underscore: `_t`

warning: unused variable: `t`
     --> examples/iced_chat/app.rs:19907:26
      |
19907 |             .style(move |t| iced::widget::container::Style {
      |                          ^ help: if this is intentional, prefix it with an underscore: `_t`

warning: unused variable: `theme`
     --> examples/iced_chat/app.rs:19834:13
      |
19834 |         let theme = Self::theme_from_dark(self.dark_mode);
      |             ^^^^^ help: if this is intentional, prefix it with an underscore: `_theme`

warning: unused variable: `t`
     --> examples/iced_chat/app.rs:20103:26
      |
20103 |             .style(move |t| iced::widget::container::Style {
      |                          ^ help: if this is intentional, prefix it with an underscore: `_t`

warning: unused variable: `theme`
     --> examples/iced_chat/app.rs:20034:13
      |
20034 |         let theme = Self::theme_from_dark(self.dark_mode);
      |             ^^^^^ help: if this is intentional, prefix it with an underscore: `_theme`

warning: unused variable: `t`
     --> examples/iced_chat/app.rs:22273:66
      |
22273 |                         icon_svg(ICON_LOCK, TYPO_SM).style(move |t, _| {
      |                                                                  ^ help: if this is intentional, prefix it with an underscore: `_t`

warning: unused variable: `t`
     --> examples/iced_chat/app.rs:22442:55
      |
22442 |                 icon_svg(hero_icon, 22.0).style(move |t, _| iced::widget::svg::Style {
      |                                                       ^ help: if this is intentional, prefix it with an underscore: `_t`

warning: unused variable: `t`
     --> examples/iced_chat/app.rs:23462:30
      |
23462 |                 .style(move |t| iced::widget::container::Style {
      |                              ^ help: if this is intentional, prefix it with an underscore: `_t`

warning: unused variable: `t`
     --> examples/iced_chat/app.rs:23524:38
      |
23524 |                         .style(move |t| iced::widget::container::Style {
      |                                      ^ help: if this is intentional, prefix it with an underscore: `_t`

warning: unused variable: `t`
     --> examples/iced_chat/app.rs:24055:26
      |
24055 |             .style(move |t| iced::widget::container::Style {
      |                          ^ help: if this is intentional, prefix it with an underscore: `_t`

warning: unused variable: `r`
     --> examples/iced_chat/app.rs:24815:24
      |
24815 |             .and_then(|r| {
      |                        ^ help: if this is intentional, prefix it with an underscore: `_r`

warning: unused variable: `description`
     --> examples/iced_chat/app.rs:24814:13
      |
24814 |         let description = room_entry
      |             ^^^^^^^^^^^ help: if this is intentional, prefix it with an underscore: `_description`

warning: unused variable: `status`
     --> examples/iced_chat/app.rs:26054:24
      |
26054 |             .style(|t, status| iced::widget::button::Style {
      |                        ^^^^^^ help: if this is intentional, prefix it with an underscore: `_status`

warning: unused variable: `t`
     --> examples/iced_chat/app.rs:28816:30
      |
28816 |                 .style(move |t| iced::widget::container::Style {
      |                              ^ help: if this is intentional, prefix it with an underscore: `_t`

warning: unused variable: `t`
    --> examples/iced_chat/ui_components.rs:1810:38
     |
1810 |                         .style(move |t| container::Style {
     |                                      ^ help: if this is intentional, prefix it with an underscore: `_t`

warning: unused variable: `theme`
    --> examples/iced_chat/ui_components.rs:1945:24
     |
1945 |     pub fn build(self, theme: &Theme) -> Element<'a, Message> {
     |                        ^^^^^ help: if this is intentional, prefix it with an underscore: `_theme`

warning: type `DashboardTab` is more private than the item `AppMessage::DashboardTabSelected::0`
    --> examples/iced_chat/app.rs:3883:26
     |
3883 |     DashboardTabSelected(crate::dashboard_view_model::DashboardTab),
     |                          ^^^^^^^^^^^^^^^^^^^^^^^^^^^^^^^^^^^^^^^^^ field `AppMessage::DashboardTabSelected::0` is reachable at visibility `pub`
     |
note: but type `DashboardTab` is only usable at visibility `pub(crate)`
    --> examples/iced_chat/dashboard_view_model.rs:12:1
     |
  12 | pub(crate) enum DashboardTab {
     | ^^^^^^^^^^^^^^^^^^^^^^^^^^^^
     = note: `#[warn(private_interfaces)]` on by default

warning: type `GifResult` is more private than the item `AppMessage::GifSearchResults::0`
    --> examples/iced_chat/app.rs:4195:22
     |
4195 |     GifSearchResults(Vec<GifResult>),
     |                      ^^^^^^^^^^^^^^ field `AppMessage::GifSearchResults::0` is reachable at visibility `pub`
     |
note: but type `GifResult` is only usable at visibility `pub(self)`
    --> examples/iced_chat/app.rs:2618:1
     |
2618 | struct GifResult {
     | ^^^^^^^^^^^^^^^^

warning: variant `Small` is never constructed
   --> examples/iced_chat/app.rs:313:5
    |
311 | pub(crate) enum LogoSize {
    |                 -------- variant in this enum
312 |     /// Compact header — ~16 px.
313 |     Small,
    |     ^^^^^
    |
    = note: `LogoSize` has derived impls for the traits `Clone` and `Debug`, but these are intentionally ignored during dead code analysis
    = note: `#[warn(dead_code)]` (part of `#[warn(unused)]`) on by default

warning: function `bg_selected` is never used
   --> examples/iced_chat/app.rs:725:4
    |
725 | fn bg_selected(theme: &iced::Theme) -> Color {
    |    ^^^^^^^^^^^

warning: constant `ICON_EMOJI` is never used
   --> examples/iced_chat/app.rs:776:18
    |
776 | pub(crate) const ICON_EMOJI: &str = "😊";
    |                  ^^^^^^^^^^

warning: constant `BUTTON_CARD` is never used
    --> examples/iced_chat/app.rs:1130:18
     |
1130 | pub(crate) const BUTTON_CARD: fn(
     |                  ^^^^^^^^^^^

warning: variants `UnsupportedCodec`, `CorruptFile`, `MissingFile`, `PermissionDenied`, `Initialization`, and `Unknown` are never constructed
    --> examples/iced_chat/app.rs:1436:5
     |
1435 | pub(crate) enum InlinePlaybackErrorKind {
     |                 ----------------------- variants in this enum
1436 |     UnsupportedCodec,
     |     ^^^^^^^^^^^^^^^^
1437 |     CorruptFile,
     |     ^^^^^^^^^^^
1438 |     MissingFile,
     |     ^^^^^^^^^^^
1439 |     PermissionDenied,
     |     ^^^^^^^^^^^^^^^^
1440 |     Initialization,
     |     ^^^^^^^^^^^^^^
1441 |     Unknown,
     |     ^^^^^^^
     |
     = note: `InlinePlaybackErrorKind` has derived impls for the traits `Debug` and `Clone`, but these are intentionally ignored during dead code analysis

warning: associated function `from_backend` is never used
    --> examples/iced_chat/app.rs:1452:19
     |
1451 | impl InlinePlaybackError {
     | ------------------------ associated function in this implementation
1452 |     pub(crate) fn from_backend(error: impl Into<String>) -> Self {
     |                   ^^^^^^^^^^^^

warning: variant `Groups` is never constructed
    --> examples/iced_chat/app.rs:2461:5
     |
2441 | pub enum Screen {
     |          ------ variant in this enum
...
2461 |     Groups,
     |     ^^^^^^
     |
     = note: `Screen` has derived impls for the traits `Debug` and `Clone`, but these are intentionally ignored during dead code analysis

warning: variants `FileShared`, `Message`, and `Generic` are never constructed
    --> examples/iced_chat/app.rs:3364:5
     |
3361 | pub(crate) enum ActivityKind {
     |                 ------------ variants in this enum
...
3364 |     FileShared,
     |     ^^^^^^^^^^
3365 |     Message,
     |     ^^^^^^^
3366 |     Generic,
     |     ^^^^^^^
     |
     = note: `ActivityKind` has derived impls for the traits `Clone` and `Debug`, but these are intentionally ignored during dead code analysis

warning: associated function `new` is never used
    --> examples/iced_chat/app.rs:3370:8
     |
3369 | impl RecentActivityEvent {
     | ------------------------ associated function in this implementation
3370 |     fn new(description: impl Into<String>) -> Self {
     |        ^^^

warning: field `is_http` is never read
    --> examples/iced_chat/app.rs:3732:5
     |
3728 | struct SharedTunnelState {
     |        ----------------- field in this struct
...
3732 |     is_http: bool,
     |     ^^^^^^^
     |
     = note: `SharedTunnelState` has derived impls for the traits `Clone` and `Debug`, but these are intentionally ignored during dead code analysis

warning: associated function `content_type_for_filename` is never used
    --> examples/iced_chat/app.rs:7213:8
     |
7106 | impl IcedChat {
     | ------------- associated function in this implementation
...
7213 |     fn content_type_for_filename(name: &str) -> String {
     |        ^^^^^^^^^^^^^^^^^^^^^^^^^

warning: method `emit_message_notification` is never used
     --> examples/iced_chat/app.rs:17991:8
      |
 8062 | impl IcedChat {
      | ------------- method in this implementation
...
17991 |     fn emit_message_notification(
      |        ^^^^^^^^^^^^^^^^^^^^^^^^^

warning: enum `ScreenStatus` is never used
  --> examples/iced_chat/dashboard_view_model.rs:42:17
   |
42 | pub(crate) enum ScreenStatus {
   |                 ^^^^^^^^^^^^

warning: struct `StableId` is never constructed
  --> examples/iced_chat/dashboard_view_model.rs:52:19
   |
52 | pub(crate) struct StableId(String);
   |                   ^^^^^^^^

warning: associated items `new` and `as_str` are never used
  --> examples/iced_chat/dashboard_view_model.rs:55:19
   |
54 | impl StableId {
   | ------------- associated items in this implementation
55 |     pub(crate) fn new(value: impl Into<String>) -> Self {
   |                   ^^^
...
59 |     pub(crate) fn as_str(&self) -> &str {
   |                   ^^^^^^

warning: enum `Progress` is never used
  --> examples/iced_chat/dashboard_view_model.rs:66:17
   |
66 | pub(crate) enum Progress {
   |                 ^^^^^^^^

warning: method `fraction` is never used
  --> examples/iced_chat/dashboard_view_model.rs:73:19
   |
72 | impl Progress {
   | ------------- method in this implementation
73 |     pub(crate) fn fraction(&self) -> Option<f32> {
   |                   ^^^^^^^^

warning: struct `RecipientSummary` is never constructed
  --> examples/iced_chat/dashboard_view_model.rs:84:19
   |
84 | pub(crate) struct RecipientSummary {
   |                   ^^^^^^^^^^^^^^^^

warning: enum `AccessState` is never used
  --> examples/iced_chat/dashboard_view_model.rs:91:17
   |
91 | pub(crate) enum AccessState {
   |                 ^^^^^^^^^^^

warning: struct `SharedItem` is never constructed
  --> examples/iced_chat/dashboard_view_model.rs:98:19
   |
98 | pub(crate) struct SharedItem {
   |                   ^^^^^^^^^^

warning: struct `PeerDownload` is never constructed
   --> examples/iced_chat/dashboard_view_model.rs:109:19
    |
109 | pub(crate) struct PeerDownload {
    |                   ^^^^^^^^^^^^

warning: enum `DownloadStatus` is never used
   --> examples/iced_chat/dashboard_view_model.rs:120:17
    |
120 | pub(crate) enum DownloadStatus {
    |                 ^^^^^^^^^^^^^^

warning: struct `DownloadRow` is never constructed
   --> examples/iced_chat/dashboard_view_model.rs:135:19
    |
135 | pub(crate) struct DownloadRow {
    |                   ^^^^^^^^^^^

warning: enum `ActivityKind` is never used
   --> examples/iced_chat/dashboard_view_model.rs:148:17
    |
148 | pub(crate) enum ActivityKind {
    |                 ^^^^^^^^^^^^

warning: struct `ActivityEvent` is never constructed
   --> examples/iced_chat/dashboard_view_model.rs:159:19
    |
159 | pub(crate) struct ActivityEvent {
    |                   ^^^^^^^^^^^^^

warning: associated function `new` is never used
   --> examples/iced_chat/dashboard_view_model.rs:167:19
    |
166 | impl ActivityEvent {
    | ------------------ associated function in this implementation
167 |     pub(crate) fn new(id: impl Into<String>, occurred_at_ms: u64, kind: ActivityKind) -> Self {
    |                   ^^^

warning: struct `SharingMetrics` is never constructed
   --> examples/iced_chat/dashboard_view_model.rs:178:19
    |
178 | pub(crate) struct SharingMetrics {
    |                   ^^^^^^^^^^^^^^

warning: struct `DashboardState` is never constructed
   --> examples/iced_chat/dashboard_view_model.rs:185:19
    |
185 | pub(crate) struct DashboardState {
    |                   ^^^^^^^^^^^^^^

warning: associated function `empty` is never used
   --> examples/iced_chat/dashboard_view_model.rs:197:19
    |
196 | impl DashboardState {
    | ------------------- associated function in this implementation
197 |     pub(crate) fn empty(status: ScreenStatus) -> Self {
    |                   ^^^^^

warning: function `project_local_shared_file` is never used
   --> examples/iced_chat/dashboard_view_model.rs:211:15
    |
211 | pub(crate) fn project_local_shared_file(
    |               ^^^^^^^^^^^^^^^^^^^^^^^^^

warning: function `project_remote_shared_file` is never used
   --> examples/iced_chat/dashboard_view_model.rs:228:15
    |
228 | pub(crate) fn project_remote_shared_file(owner_id: &str, file: &RemoteSharedFile) -> SharedItem {
    |               ^^^^^^^^^^^^^^^^^^^^^^^^^^

warning: function `project_download` is never used
   --> examples/iced_chat/dashboard_view_model.rs:240:15
    |
240 | pub(crate) fn project_download(
    |               ^^^^^^^^^^^^^^^^

warning: function `project_transfer_event` is never used
   --> examples/iced_chat/dashboard_view_model.rs:268:15
    |
268 | pub(crate) fn project_transfer_event(event: &TransferLifecycleEvent) -> ActivityEvent {
    |               ^^^^^^^^^^^^^^^^^^^^^^

warning: function `sort_activity` is never used
   --> examples/iced_chat/dashboard_view_model.rs:277:15
    |
277 | pub(crate) fn sort_activity(events: &mut [ActivityEvent]) {
    |               ^^^^^^^^^^^^^

warning: function `sort_shared_items` is never used
   --> examples/iced_chat/dashboard_view_model.rs:285:15
    |
285 | pub(crate) fn sort_shared_items(items: &mut [SharedItem]) {
    |               ^^^^^^^^^^^^^^^^^

warning: function `sort_downloads` is never used
   --> examples/iced_chat/dashboard_view_model.rs:293:15
    |
293 | pub(crate) fn sort_downloads(downloads: &mut [DownloadRow]) {
    |               ^^^^^^^^^^^^^^

warning: function `metrics` is never used
   --> examples/iced_chat/dashboard_view_model.rs:301:15
    |
301 | pub(crate) fn metrics(
    |               ^^^^^^^

warning: function `format_bytes` is never used
   --> examples/iced_chat/dashboard_view_model.rs:323:15
    |
323 | pub(crate) fn format_bytes(bytes: u64) -> String {
    |               ^^^^^^^^^^^^

warning: function `format_progress` is never used
   --> examples/iced_chat/dashboard_view_model.rs:338:15
    |
338 | pub(crate) fn format_progress(progress: &Progress) -> String {
    |               ^^^^^^^^^^^^^^^

warning: function `download_status` is never used
   --> examples/iced_chat/dashboard_view_model.rs:348:4
    |
348 | fn download_status(value: &str) -> DownloadStatus {
    |    ^^^^^^^^^^^^^^^

warning: function `activity_kind` is never used
   --> examples/iced_chat/dashboard_view_model.rs:364:4
    |
364 | fn activity_kind(value: &str) -> ActivityKind {
    |    ^^^^^^^^^^^^^

warning: function `activity_label` is never used
   --> examples/iced_chat/dashboard_view_model.rs:376:4
    |
376 | fn activity_label(kind: ActivityKind) -> &'static str {
    |    ^^^^^^^^^^^^^^

warning: constant `BORDER_STRONG` is never used
  --> examples/iced_chat/design_tokens.rs:47:7
   |
47 | const BORDER_STRONG: Color = Color::from_rgb(
   |       ^^^^^^^^^^^^^

warning: constant `PRIMARY_LEGACY` is never used
   --> examples/iced_chat/design_tokens.rs:103:11
    |
103 | pub const PRIMARY_LEGACY: Color = Color::from_rgb(
    |           ^^^^^^^^^^^^^^

warning: constant `PRIMARY_HOVER_LEGACY` is never used
   --> examples/iced_chat/design_tokens.rs:109:11
    |
109 | pub const PRIMARY_HOVER_LEGACY: Color = Color::from_rgb(
    |           ^^^^^^^^^^^^^^^^^^^^

warning: constant `SPACE_40` is never used
   --> examples/iced_chat/design_tokens.rs:139:11
    |
139 | pub const SPACE_40: f32 = 40.0;
    |           ^^^^^^^^

warning: constant `CONTROL_HEIGHT` is never used
   --> examples/iced_chat/design_tokens.rs:142:11
    |
142 | pub const CONTROL_HEIGHT: f32 = 40.0;
    |           ^^^^^^^^^^^^^^

warning: constant `CONTROL_HEIGHT_COMPACT` is never used
   --> examples/iced_chat/design_tokens.rs:143:11
    |
143 | pub const CONTROL_HEIGHT_COMPACT: f32 = 36.0;
    |           ^^^^^^^^^^^^^^^^^^^^^^

warning: constant `AVATAR_LG` is never used
   --> examples/iced_chat/design_tokens.rs:160:11
    |
160 | pub const AVATAR_LG: f32 = 64.0;
    |           ^^^^^^^^^

warning: constant `SIDEBAR_WIDTH_MAX` is never used
   --> examples/iced_chat/design_tokens.rs:166:11
    |
166 | pub const SIDEBAR_WIDTH_MAX: f32 = 320.0;
    |           ^^^^^^^^^^^^^^^^^

warning: constant `MESSAGE_MAX_WIDTH` is never used
   --> examples/iced_chat/design_tokens.rs:170:11
    |
170 | pub const MESSAGE_MAX_WIDTH: f32 = 480.0;
    |           ^^^^^^^^^^^^^^^^^

warning: constant `IMAGE_PREVIEW_MAX_WIDTH` is never used
   --> examples/iced_chat/design_tokens.rs:176:11
    |
176 | pub const IMAGE_PREVIEW_MAX_WIDTH: f32 = 360.0;
    |           ^^^^^^^^^^^^^^^^^^^^^^^

warning: constant `IMAGE_PREVIEW_MAX_HEIGHT` is never used
   --> examples/iced_chat/design_tokens.rs:177:11
    |
177 | pub const IMAGE_PREVIEW_MAX_HEIGHT: f32 = 400.0;
    |           ^^^^^^^^^^^^^^^^^^^^^^^^

warning: constant `VIEWPORT_REF_HEIGHT` is never used
   --> examples/iced_chat/design_tokens.rs:182:11
    |
182 | pub const VIEWPORT_REF_HEIGHT: f32 = 800.0;
    |           ^^^^^^^^^^^^^^^^^^^

warning: constant `VIEWPORT_MIN_HEIGHT` is never used
   --> examples/iced_chat/design_tokens.rs:186:11
    |
186 | pub const VIEWPORT_MIN_HEIGHT: f32 = 720.0;
    |           ^^^^^^^^^^^^^^^^^^^

warning: constant `PROGRESS_BAR_HEIGHT_BOLD` is never used
   --> examples/iced_chat/design_tokens.rs:198:11
    |
198 | pub const PROGRESS_BAR_HEIGHT_BOLD: f32 = 6.0;
    |           ^^^^^^^^^^^^^^^^^^^^^^^^

warning: constant `PEER_PANEL_MAX_HEIGHT` is never used
   --> examples/iced_chat/design_tokens.rs:208:11
    |
208 | pub const PEER_PANEL_MAX_HEIGHT: f32 = 320.0;
    |           ^^^^^^^^^^^^^^^^^^^^^

warning: constant `VIEWPORT_LG_HEIGHT` is never used
   --> examples/iced_chat/design_tokens.rs:212:11
    |
212 | pub const VIEWPORT_LG_HEIGHT: f32 = 900.0;
    |           ^^^^^^^^^^^^^^^^^^

warning: constant `VIEWPORT_XL_WIDTH` is never used
   --> examples/iced_chat/design_tokens.rs:215:11
    |
215 | pub const VIEWPORT_XL_WIDTH: f32 = 1920.0;
    |           ^^^^^^^^^^^^^^^^^

warning: constant `VIEWPORT_XL_HEIGHT` is never used
   --> examples/iced_chat/design_tokens.rs:216:11
    |
216 | pub const VIEWPORT_XL_HEIGHT: f32 = 1080.0;
    |           ^^^^^^^^^^^^^^^^^^

warning: constant `CONTENT_MAX_WIDTH` is never used
   --> examples/iced_chat/design_tokens.rs:219:11
    |
219 | pub const CONTENT_MAX_WIDTH: f32 = 720.0;
    |           ^^^^^^^^^^^^^^^^^

warning: function `shadow_dialog` is never used
   --> examples/iced_chat/design_tokens.rs:262:8
    |
262 | pub fn shadow_dialog(theme: &Theme) -> iced::Shadow {
    |        ^^^^^^^^^^^^^

warning: function `border_strong` is never used
   --> examples/iced_chat/design_tokens.rs:337:8
    |
337 | pub fn border_strong(theme: &Theme) -> Color {
    |        ^^^^^^^^^^^^^

warning: function `selected_surface` is never used
   --> examples/iced_chat/design_tokens.rs:577:8
    |
577 | pub fn selected_surface(theme: &Theme) -> Color {
    |        ^^^^^^^^^^^^^^^^

warning: function `focus_border` is never used
   --> examples/iced_chat/design_tokens.rs:597:8
    |
597 | pub fn focus_border(theme: &Theme) -> iced::Border {
    |        ^^^^^^^^^^^^

warning: function `surface_style` is never used
   --> examples/iced_chat/design_tokens.rs:606:8
    |
606 | pub fn surface_style(theme: &Theme) -> container::Style {
    |        ^^^^^^^^^^^^^

warning: method `family_name` is never used
   --> examples/iced_chat/fonts.rs:234:12
    |
232 | impl Typography {
    | --------------- method in this implementation
233 |     /// Return the font family name for this token.
234 |     pub fn family_name(self) -> &'static str {
    |            ^^^^^^^^^^^

warning: constant `SVG_ELLIPSIS` is never used
  --> examples/iced_chat/icon_system.rs:46:7
   |
46 | const SVG_ELLIPSIS: &[u8] = include_bytes!("../../assets/icons/lucide/ellipsis.svg");
   |       ^^^^^^^^^^^^

warning: multiple variants are never constructed
   --> examples/iced_chat/icon_system.rs:85:5
    |
 75 | pub enum Icon {
    |          ---- variants in this enum
...
 85 |     ChatFilled,
    |     ^^^^^^^^^^
 86 |     Message,
    |     ^^^^^^^
...
100 |     Paperclip,
    |     ^^^^^^^^^
101 |     Image,
102 |     Play,
    |     ^^^^
...
107 |     Online,
    |     ^^^^^^
108 |     Offline,
    |     ^^^^^^^
...
111 |     Retry,
    |     ^^^^^
...
125 |     Activity,
    |     ^^^^^^^^
126 |     Terminal,
    |     ^^^^^^^^
    |
    = note: `Icon` has derived impls for the traits `Clone` and `Debug`, but these are intentionally ignored during dead code analysis

warning: function `button_icon_destructive` is never used
   --> examples/iced_chat/icon_system.rs:328:8
    |
328 | pub fn button_icon_destructive(
    |        ^^^^^^^^^^^^^^^^^^^^^^^

warning: function `icon_with_tooltip` is never used
   --> examples/iced_chat/icon_system.rs:368:8
    |
368 | pub fn icon_with_tooltip<'a>(
    |        ^^^^^^^^^^^^^^^^^

warning: function `tooltip_for` is never used
   --> examples/iced_chat/icon_system.rs:382:8
    |
382 | pub fn tooltip_for<'a>(
    |        ^^^^^^^^^^^

warning: function `more_icon` is never used
   --> examples/iced_chat/icon_system.rs:397:8
    |
397 | pub fn more_icon<'a>(size: IconSize) -> svg::Svg<'a, iced::Theme> {
    |        ^^^^^^^^^

warning: function `more_vertical_icon` is never used
   --> examples/iced_chat/icon_system.rs:402:8
    |
402 | pub fn more_vertical_icon<'a>(size: IconSize) -> svg::Svg<'a, iced::Theme> {
    |        ^^^^^^^^^^^^^^^^^^

warning: multiple fields are never read
  --> examples/iced_chat/notification/focus.rs:30:9
   |
28 | pub struct WindowFocusTracker {
   |            ------------------ fields in this struct
29 |     /// Whether the window currently has keyboard focus.
30 |     pub window_focused: bool,
   |         ^^^^^^^^^^^^^^
31 |     /// Whether the window is visible on screen (not minimised or hidden).
32 |     pub window_visible: bool,
   |         ^^^^^^^^^^^^^^
33 |     /// Whether the window is minimised.
34 |     pub window_minimised: bool,
   |         ^^^^^^^^^^^^^^^^
35 |     /// Whether the app is running in background (tray/minimise-to-tray) mode.
36 |     pub running_in_background: bool,
   |         ^^^^^^^^^^^^^^^^^^^^^
37 |     /// The conversation topic currently active in the chat panel, if any.
38 |     pub active_conversation_id: Option<String>,
   |         ^^^^^^^^^^^^^^^^^^^^^^
39 |     /// Timestamp of the last focus transition (for debounce logic).
40 |     last_focus_change: Instant,
   |     ^^^^^^^^^^^^^^^^^
41 |     /// Number of focus events received (for diagnostics).
42 |     focus_event_count: u64,
   |     ^^^^^^^^^^^^^^^^^
   |
   = note: `WindowFocusTracker` has derived impls for the traits `Clone` and `Debug`, but these are intentionally ignored during dead code analysis

warning: multiple methods are never used
   --> examples/iced_chat/notification/focus.rs:66:12
    |
 51 | impl WindowFocusTracker {
    | ----------------------- methods in this implementation
...
 66 |     pub fn on_focused(&mut self) -> Vec<(String, String)> {
    |            ^^^^^^^^^^
...
 83 |     pub fn on_unfocused(&mut self) -> Vec<(String, String)> {
    |            ^^^^^^^^^^^^
...
100 |     pub fn on_minimised(&mut self) -> Vec<(String, String)> {
    |            ^^^^^^^^^^^^
...
117 |     pub fn on_restored(&mut self) -> Vec<(String, String)> {
    |            ^^^^^^^^^^^
...
134 |     pub fn on_conversation_changed(&mut self, topic: Option<String>) {
    |            ^^^^^^^^^^^^^^^^^^^^^^^
...
146 |     pub fn set_running_in_background(&mut self, bg: bool) {
    |            ^^^^^^^^^^^^^^^^^^^^^^^^^
...
158 |     pub fn to_focus_state(&self) -> WindowFocusState {
    |            ^^^^^^^^^^^^^^
...
169 |     pub fn focus_event_count(&self) -> u64 {
    |            ^^^^^^^^^^^^^^^^^
...
174 |     pub fn time_since_last_change(&self) -> Duration {
    |            ^^^^^^^^^^^^^^^^^^^^^^

warning: enum `PreviewMode` is never used
  --> examples/iced_chat/notification/render.rs:11:10
   |
11 | pub enum PreviewMode {
   |          ^^^^^^^^^^^

warning: associated items `from_str` and `as_str` are never used
  --> examples/iced_chat/notification/render.rs:22:12
   |
20 | impl PreviewMode {
   | ---------------- associated items in this implementation
21 |     /// Parse from a string (e.g. from settings).
22 |     pub fn from_str(s: &str) -> Self {
   |            ^^^^^^^^
...
31 |     pub fn as_str(&self) -> &'static str {
   |            ^^^^^^

warning: struct `RenderedNotification` is never constructed
  --> examples/iced_chat/notification/render.rs:42:12
   |
42 | pub struct RenderedNotification {
   |            ^^^^^^^^^^^^^^^^^^^^

warning: function `render_event` is never used
  --> examples/iced_chat/notification/render.rs:57:8
   |
57 | pub fn render_event(event: &NotificationEvent, preview_mode: PreviewMode) -> RenderedNotification {
   |        ^^^^^^^^^^^^

warning: function `render_hidden_body` is never used
  --> examples/iced_chat/notification/render.rs:84:4
   |
84 | fn render_hidden_body(kind: NotificationEventKind) -> String {
   |    ^^^^^^^^^^^^^^^^^^

warning: function `render_sender_only_body` is never used
  --> examples/iced_chat/notification/render.rs:97:4
   |
97 | fn render_sender_only_body(kind: NotificationEventKind) -> String {
   |    ^^^^^^^^^^^^^^^^^^^^^^^

warning: function `sanitize_preview` is never used
   --> examples/iced_chat/notification/render.rs:114:8
    |
114 | pub fn sanitize_preview(text: &str) -> String {
    |        ^^^^^^^^^^^^^^^^

warning: function `render_group_summary` is never used
   --> examples/iced_chat/notification/render.rs:147:8
    |
147 | pub fn render_group_summary(title: &str, count: usize, conversations: usize) -> (String, String) {
    |        ^^^^^^^^^^^^^^^^^^^^

warning: function `continues_system_group` is never used
  --> examples/iced_chat/presentation.rs:91:15
   |
91 | pub(crate) fn continues_system_group(previous_is_chip: bool, current_is_chip: bool) -> bool {
   |               ^^^^^^^^^^^^^^^^^^^^^^

warning: methods `padding`, `spacing`, and `width` are never used
   --> examples/iced_chat/ui_components.rs:196:12
    |
182 | impl<'a, Message: Clone + 'a> Card<'a, Message> {
    | ----------------------------------------------- methods in this implementation
...
196 |     pub fn padding(mut self, vertical: f32, horizontal: f32) -> Self {
    |            ^^^^^^^
...
203 |     pub fn spacing(mut self, s: f32) -> Self {
    |            ^^^^^^^
...
209 |     pub fn width(mut self, w: Length) -> Self {
    |            ^^^^^

warning: function `button_ghost_style` is never used
   --> examples/iced_chat/ui_components.rs:395:8
    |
395 | pub fn button_ghost_style(theme: &Theme, status: button::Status) -> button::Style {
    |        ^^^^^^^^^^^^^^^^^^

warning: method `padding` is never used
   --> examples/iced_chat/ui_components.rs:787:12
    |
741 | impl<'a, Message: Clone + 'a> ListRow<'a, Message> {
    | -------------------------------------------------- method in this implementation
...
787 |     pub fn padding(mut self, vertical: f32, horizontal: f32) -> Self {
    |            ^^^^^^^

warning: variants `Paused` and `Error` are never constructed
    --> examples/iced_chat/ui_components.rs:1685:5
     |
1681 | pub enum ProgressKind {
     |          ------------ variants in this enum
...
1685 |     Paused,
     |     ^^^^^^
1686 |     /// Error — fill uses `color_danger`.
1687 |     Error,
     |     ^^^^^
     |
     = note: `ProgressKind` has derived impls for the traits `Clone` and `Debug`, but these are intentionally ignored during dead code analysis

warning: methods `show_label` and `bold` are never used
    --> examples/iced_chat/ui_components.rs:1732:12
     |
1702 | impl<'a, Message: 'a> ProgressBar<'a, Message> {
     | ---------------------------------------------- methods in this implementation
...
1732 |     pub fn show_label(mut self, yes: bool) -> Self {
     |            ^^^^^^^^^^
...
1738 |     pub fn bold(mut self) -> Self {
     |            ^^^^

warning: this lint expectation is unfulfilled
   --> examples/iced_chat/app.rs:315:14
    |
315 |     #[expect(dead_code)]
    |              ^^^^^^^^^
    |
    = note: `#[warn(unfulfilled_lint_expectations)]` on by default

warning: this lint expectation is unfulfilled
   --> examples/iced_chat/app.rs:777:10
    |
777 | #[expect(dead_code)]
    |          ^^^^^^^^^

warning: this lint expectation is unfulfilled
    --> examples/iced_chat/app.rs:7702:10
     |
7702 | #[expect(dead_code)]
     |          ^^^^^^^^^

warning: this lint expectation is unfulfilled
    --> examples/iced_chat/app.rs:7711:10
     |
7711 | #[expect(dead_code)]
     |          ^^^^^^^^^

warning: this lint expectation is unfulfilled
  --> examples/iced_chat/fonts.rs:62:10
   |
62 | #[expect(dead_code)]
   |          ^^^^^^^^^

warning: this lint expectation is unfulfilled
  --> examples/iced_chat/fonts.rs:66:10
   |
66 | #[expect(dead_code)]
   |          ^^^^^^^^^

warning: this lint expectation is unfulfilled
  --> examples/iced_chat/fonts.rs:75:10
   |
75 | #[expect(dead_code)]
   |          ^^^^^^^^^

warning: this lint expectation is unfulfilled
   --> examples/iced_chat/fonts.rs:101:10
    |
101 | #[expect(dead_code)]
    |          ^^^^^^^^^

warning: this lint expectation is unfulfilled
  --> examples/iced_chat/notification/backend.rs:84:10
   |
84 | #[expect(dead_code)]
   |          ^^^^^^^^^

warning: this lint expectation is unfulfilled
   --> examples/iced_chat/notification/service.rs:266:14
    |
266 |     #[expect(dead_code)]
    |              ^^^^^^^^^

warning: `boru-core` (example "boru") generated 149 warnings (run `cargo fix --example "boru" -p boru-core` to apply 45 suggestions)
    Finished `dev` profile [unoptimized + debuginfo] target(s) in 1m 33s
BUILD_EXIT=0
