mode=--default start=2026-08-12T19:12:41Z
SKIP call_audio_integration
SKIP call_e2e
SKIP call_logging_policy
SKIP call_perf_measurement
SKIP call_timeout
SKIP call_video_integration
PASS compression_integration | test result: ok. 29 passed; 0 failed; 0 ignored; 0 measured; 0 filtered out; finished in 27.43s
PASS epoch_rotation | test result: ok. 3 passed; 0 failed; 0 ignored; 0 measured; 0 filtered out; finished in 0.02s
PASS fs17_activity_log | test result: ok. 23 passed; 0 failed; 0 ignored; 0 measured; 0 filtered out; finished in 0.00s
PASS fs22_dashboard_coverage | test result: ok. 66 passed; 0 failed; 0 ignored; 0 measured; 0 filtered out; finished in 0.13s
PASS group_events | test result: ok. 19 passed; 0 failed; 0 ignored; 0 measured; 0 filtered out; finished in 117.32s
BUILD_FAIL image_optimizer_integration | error: test failed, to rerun pass `--test image_optimizer_integration` 
PASS mailbox | test result: ok. 10 passed; 0 failed; 0 ignored; 0 measured; 0 filtered out; finished in 0.05s
SKIP no_recording
PASS phase20_multi_instance | test result: ok. 2 passed; 0 failed; 0 ignored; 0 measured; 0 filtered out; finished in 0.27s
PASS protocol_registration | test result: ok. 2 passed; 0 failed; 0 ignored; 0 measured; 0 filtered out; finished in 0.28s
HANG repro_two_iced_instances | timeout 240
SKIP room_e2e
PASS security | test result: ok. 58 passed; 0 failed; 0 ignored; 0 measured; 0 filtered out; finished in 18.60s
SKIP sim
SKIP stale_bootstrap
SKIP stress_test_comprehensive
PASS test_ack_processing | test result: ok. 5 passed; 0 failed; 0 ignored; 0 measured; 0 filtered out; finished in 0.23s
PASS test_blob_size_enforcement | test result: ok. 3 passed; 0 failed; 0 ignored; 0 measured; 0 filtered out; finished in 0.40s
PASS test_branding_rename | test result: ok. 28 passed; 0 failed; 0 ignored; 0 measured; 0 filtered out; finished in 0.01s
PASS test_catalogue_harness | test result: ok. 24 passed; 0 failed; 0 ignored; 0 measured; 0 filtered out; finished in 33.82s
PASS test_catalogue_lifecycle_events | test result: ok. 12 passed; 0 failed; 0 ignored; 0 measured; 0 filtered out; finished in 30.55s
PASS test_catalogue_minimal | test result: ok. 0 passed; 0 failed; 0 ignored; 0 measured; 0 filtered out; finished in 0.00s
PASS test_conversation_integration | test result: ok. 14 passed; 0 failed; 0 ignored; 0 measured; 0 filtered out; finished in 0.09s
PASS test_corrupted_content | test result: ok. 2 passed; 0 failed; 0 ignored; 0 measured; 0 filtered out; finished in 0.06s
PASS test_crash_recovery | test result: ok. 19 passed; 0 failed; 0 ignored; 0 measured; 0 filtered out; finished in 0.79s
PASS test_debug | test result: ok. 1 passed; 0 failed; 0 ignored; 0 measured; 0 filtered out; finished in 5.90s
PASS test_delivery_failure | test result: ok. 2 passed; 0 failed; 0 ignored; 0 measured; 0 filtered out; finished in 0.00s
PASS test_deterministic_discovery_integration | test result: ok. 20 passed; 0 failed; 0 ignored; 0 measured; 0 filtered out; finished in 0.49s
SKIP test_deterministic_harness
PASS test_discovery_dm_isolation | test result: ok. 2 passed; 0 failed; 0 ignored; 0 measured; 0 filtered out; finished in 0.68s
PASS test_discovery_e2e_matrix | test result: ok. 9 passed; 0 failed; 0 ignored; 0 measured; 0 filtered out; finished in 1.32s
PASS test_discovery_group_isolation | test result: ok. 2 passed; 0 failed; 0 ignored; 0 measured; 0 filtered out; finished in 0.69s
PASS test_discovery_restart | test result: ok. 5 passed; 0 failed; 0 ignored; 0 measured; 0 filtered out; finished in 6.26s
PASS test_discovery_startup | test result: ok. 4 passed; 0 failed; 0 ignored; 0 measured; 0 filtered out; finished in 0.23s
PASS test_discovery_two_node | test result: ok. 5 passed; 0 failed; 0 ignored; 0 measured; 0 filtered out; finished in 0.99s
PASS test_discovery_ui_isolation | test result: ok. 5 passed; 0 failed; 0 ignored; 0 measured; 0 filtered out; finished in 1.09s
PASS test_download_initiation_integration | test result: ok. 21 passed; 0 failed; 0 ignored; 0 measured; 0 filtered out; finished in 0.25s
PASS test_download_integration | test result: ok. 10 passed; 0 failed; 0 ignored; 0 measured; 0 filtered out; finished in 0.14s
PASS test_download_queue_order | test result: ok. 12 passed; 0 failed; 0 ignored; 0 measured; 0 filtered out; finished in 0.01s
PASS test_download_recovery | test result: ok. 6 passed; 0 failed; 0 ignored; 0 measured; 0 filtered out; finished in 0.17s
PASS test_extensions_metadata | test result: ok. 3 passed; 0 failed; 0 ignored; 0 measured; 0 filtered out; finished in 0.52s
PASS test_file_library_integration | test result: ok. 9 passed; 0 failed; 0 ignored; 0 measured; 0 filtered out; finished in 0.13s
SKIP test_fixture
PASS test_friend_request_e2e | test result: ok. 22 passed; 0 failed; 0 ignored; 0 measured; 0 filtered out; finished in 0.09s
PASS test_friend_ticket_persistence | test result: ok. 1 passed; 0 failed; 0 ignored; 0 measured; 0 filtered out; finished in 0.01s
HANG test_full_chat_list_flow | timeout 240
PASS test_health_view | test result: ok. 3 passed; 0 failed; 0 ignored; 0 measured; 0 filtered out; finished in 0.90s
PASS test_hostile_input | test result: ok. 41 passed; 0 failed; 0 ignored; 0 measured; 0 filtered out; finished in 0.29s
HANG test_iced_chat_flow | timeout 240
PASS test_image_cache_persistence | test result: ok. 2 passed; 0 failed; 0 ignored; 0 measured; 0 filtered out; finished in 0.02s
HANG test_image_iced_gui_flow | timeout 240
HANG test_image_receiver_download | timeout 240
BUILD_FAIL test_image_send_download | error: test failed, to rerun pass `--test test_image_send_download` 
PASS test_interrupted_transfer_harness | test result: ok. 35 passed; 0 failed; 0 ignored; 0 measured; 0 filtered out; finished in 2.31s
PASS test_interruption_restart | test result: ok. 5 passed; 0 failed; 0 ignored; 0 measured; 0 filtered out; finished in 0.11s
PASS test_lobby_migration | test result: ok. 4 passed; 0 failed; 0 ignored; 0 measured; 0 filtered out; finished in 3.31s
PASS test_local_address_lookup | test result: ok. 4 passed; 0 failed; 1 ignored; 0 measured; 0 filtered out; finished in 17.71s
PASS test_malformed_catalogue | test result: ok. 20 passed; 0 failed; 0 ignored; 0 measured; 0 filtered out; finished in 1.04s
PASS test_malicious_filenames | test result: ok. 48 passed; 0 failed; 0 ignored; 0 measured; 0 filtered out; finished in 0.02s
HANG test_mcp_diagnostics_integration | timeout 240
SKIP test_message_lifecycle
HANG test_message_transfer | timeout 240
PASS test_metadata_security | test result: ok. 31 passed; 0 failed; 0 ignored; 0 measured; 0 filtered out; finished in 0.35s
HANG test_multi_image_burst | timeout 240
PASS test_no_bootstrap | test result: ok. 1 passed; 0 failed; 0 ignored; 0 measured; 0 filtered out; finished in 44.28s
PASS test_normal_downloads | test result: ok. 1 passed; 0 failed; 0 ignored; 0 measured; 0 filtered out; finished in 0.99s
PASS test_offline_delivery_integration | test result: ok. 20 passed; 0 failed; 0 ignored; 0 measured; 0 filtered out; finished in 1.86s
BUILD_FAIL test_onboarding_integration | error: test failed, to rerun pass `--test test_onboarding_integration` 
PASS test_online_user_list | test result: ok. 3 passed; 0 failed; 0 ignored; 0 measured; 0 filtered out; finished in 0.03s
PASS test_outbox_throughput | test result: ok. 3 passed; 0 failed; 0 ignored; 0 measured; 0 filtered out; finished in 0.44s
PASS test_outgoing_dm_transaction | test result: ok. 9 passed; 0 failed; 0 ignored; 0 measured; 0 filtered out; finished in 1.13s
PASS test_pairing_integration | test result: ok. 5 passed; 0 failed; 0 ignored; 0 measured; 0 filtered out; finished in 7.10s
PASS test_pause_scenarios | test result: ok. 15 passed; 0 failed; 0 ignored; 0 measured; 0 filtered out; finished in 0.34s
SKIP test_peer_lifecycle
BUILD_FAIL test_performance_baseline | error: no test target named `test_performance_baseline` in default-run packages 
HANG test_performance_regression | timeout 240
PASS test_policy_conformance | test result: ok. 10 passed; 0 failed; 0 ignored; 0 measured; 0 filtered out; finished in 0.01s
PASS test_private_room_dht_discovery | test result: ok. 10 passed; 0 failed; 0 ignored; 0 measured; 0 filtered out; finished in 0.10s
PASS test_private_room_invitation_discovery | test result: ok. 15 passed; 0 failed; 0 ignored; 0 measured; 0 filtered out; finished in 0.37s
PASS test_public_lobby_integration | test result: ok. 8 passed; 0 failed; 0 ignored; 0 measured; 0 filtered out; finished in 0.46s
PASS test_reconnect_asymmetric | test result: ok. 1 passed; 0 failed; 0 ignored; 0 measured; 0 filtered out; finished in 2.15s
PASS test_remote_catalogue_integration | test result: ok. 13 passed; 0 failed; 0 ignored; 0 measured; 0 filtered out; finished in 30.70s
PASS test_required_matrix | test result: ok. 5 passed; 0 failed; 0 ignored; 0 measured; 0 filtered out; finished in 5.77s
PASS test_resource_exhaustion | test result: ok. 33 passed; 0 failed; 0 ignored; 0 measured; 0 filtered out; finished in 14.09s
PASS test_restart_storm_prevention | test result: ok. 4 passed; 0 failed; 0 ignored; 0 measured; 0 filtered out; finished in 0.01s
PASS test_room_invite_v2 | test result: ok. 19 passed; 0 failed; 0 ignored; 0 measured; 0 filtered out; finished in 0.01s
PASS test_security | test result: ok. 8 passed; 0 failed; 0 ignored; 0 measured; 0 filtered out; finished in 0.00s
PASS test_serde_format | test result: ok. 1 passed; 0 failed; 0 ignored; 0 measured; 0 filtered out; finished in 0.01s
PASS test_signed_gossip_flow | test result: ok. 2 passed; 0 failed; 0 ignored; 0 measured; 0 filtered out; finished in 3.05s
PASS test_simple | test result: ok. 1 passed; 0 failed; 0 ignored; 0 measured; 0 filtered out; finished in 5.43s
SKIP test_stable_identities
PASS test_stale_bootstrap | test result: ok. 5 passed; 0 failed; 0 ignored; 0 measured; 0 filtered out; finished in 11.37s
PASS test_storage_integration | test result: ok. 15 passed; 0 failed; 0 ignored; 0 measured; 0 filtered out; finished in 0.74s
PASS test_sync_after_downtime | test result: ok. 9 passed; 0 failed; 0 ignored; 0 measured; 0 filtered out; finished in 0.36s
BUILD_FAIL test_three_peer_mesh | error: no test target named `test_three_peer_mesh` in default-run packages 
PASS test_transfer_lifecycle_telemetry | test result: ok. 24 passed; 0 failed; 0 ignored; 0 measured; 0 filtered out; finished in 0.01s
HANG test_two_instance_dht_chat | timeout 240
PASS test_two_peers_exchange | test result: ok. 1 passed; 0 failed; 0 ignored; 0 measured; 0 filtered out; finished in 5.69s
PASS test_two_peers_relay | test result: ok. 1 passed; 0 failed; 0 ignored; 0 measured; 0 filtered out; finished in 16.30s
PASS test_ui_file_sharing_integration | test result: ok. 11 passed; 0 failed; 0 ignored; 0 measured; 0 filtered out; finished in 0.67s
PASS test_user_uploaded_gif | test result: ok. 6 passed; 0 failed; 0 ignored; 0 measured; 0 filtered out; finished in 0.51s
PASS test_verify_containment_properties | test result: ok. 9 passed; 0 failed; 0 ignored; 0 measured; 0 filtered out; finished in 0.01s
PASS tunnel_reconnect | test result: ok. 7 passed; 0 failed; 0 ignored; 0 measured; 0 filtered out; finished in 2.36s
PASS verify_gui_bootstrap | test result: ok. 1 passed; 0 failed; 0 ignored; 0 measured; 0 filtered out; finished in 1.39s
SKIP voice_acceptance
mode=--default end=2026-08-12T20:50:23Z
