   Compiling boru-core v0.117.0 (/home/dan/iroh-gossip-chat/.worktrees/t_266bfba3)
warning: unused import: `AsyncWriteExt`
   --> src/streaming_server.rs:112:35
    |
112 |     use tokio::io::{AsyncReadExt, AsyncWriteExt};
    |                                   ^^^^^^^^^^^^^
    |
    = note: `#[warn(unused_imports)]` (part of `#[warn(unused)]`) on by default

warning: type does not implement `Debug`; consider adding `#[derive(Debug)]` or a manual implementation
  --> src/streaming_server.rs:21:1
   |
21 | / pub struct StreamingServer {
22 | |     /// The port the server is listening on.
23 | |     pub port: u16,
24 | |     /// Handle to the server task.
...  |
27 | |     running: Arc<AtomicBool>,
28 | | }
   | |_^
   |
   = note: requested on the command line with `-W missing-debug-implementations`

warning: this lint expectation is unfulfilled
   --> src/room_history.rs:166:14
    |
166 |     #[expect(dead_code)]
    |              ^^^^^^^^^
    |
    = note: `#[warn(unfulfilled_lint_expectations)]` on by default

warning: `boru-core` (lib) generated 3 warnings (run `cargo fix --lib -p boru-core` to apply 1 suggestion)
warning: unused import: `CARD_ROW_HEIGHT`
  --> examples/iced_chat/app.rs:22:36
   |
22 | use crate::card_shell::{CardShell, CARD_ROW_HEIGHT, StatusBadgeKind};
   |                                    ^^^^^^^^^^^^^^^
   |
   = note: `#[warn(unused_imports)]` (part of `#[warn(unused)]`) on by default

warning: unused import: `crate::notification::backend::NoopBackend`
  --> examples/iced_chat/app.rs:24:5
   |
24 | use crate::notification::backend::NoopBackend;
   |     ^^^^^^^^^^^^^^^^^^^^^^^^^^^^^^^^^^^^^^^^^

warning: unused imports: `ConversationMute`, `DoNotDisturb`, `NotificationPreferences`, `PreviewMode`, and `WindowFocusState`
  --> examples/iced_chat/app.rs:30:5
   |
30 |     ConversationMute, DoNotDisturb, NotificationPreferences, NotificationService, PreviewMode,
   |     ^^^^^^^^^^^^^^^^  ^^^^^^^^^^^^  ^^^^^^^^^^^^^^^^^^^^^^^                       ^^^^^^^^^^^
31 |     WindowFocusState,
   |     ^^^^^^^^^^^^^^^^

warning: unused import: `TransferUpdateReceiver`
  --> examples/iced_chat/app.rs:41:25
   |
41 |     TransferStateStore, TransferUpdateReceiver,
   |                         ^^^^^^^^^^^^^^^^^^^^^^

warning: unused import: `GroupTopicHistory`
  --> examples/iced_chat/app.rs:53:24
   |
53 |     ConversationStore, GroupTopicHistory,
   |                        ^^^^^^^^^^^^^^^^^

warning: unused import: `TunnelDefinition`
  --> examples/iced_chat/app.rs:88:34
   |
88 | use boru_core::tunnel::service::{TunnelDefinition, TunnelStatus};
   |                                  ^^^^^^^^^^^^^^^^

warning: unused imports: `PlaybackCoordinator`, `VideoInstanceKey`, `VideoJitterBuffer`, and `verify_local_attachment`
  --> examples/iced_chat/app.rs:91:35
   |
91 |     validate_attachment_filename, verify_local_attachment, PlaybackCoordinator, VideoInstanceKey,
   |                                   ^^^^^^^^^^^^^^^^^^^^^^^  ^^^^^^^^^^^^^^^^^^^  ^^^^^^^^^^^^^^^^
92 |     VideoJitterBuffer,
   |     ^^^^^^^^^^^^^^^^^

warning: unused import: `TunnelDefinition`
    --> examples/iced_chat/app.rs:1339:38
     |
1339 |     use boru_core::tunnel::service::{TunnelDefinition, TunnelStatus};
     |                                      ^^^^^^^^^^^^^^^^

warning: unused import: `text`
     --> examples/iced_chat/app.rs:26232:55
      |
26232 |         use iced::widget::{button, column, container, text};
      |                                                       ^^^^

warning: unused import: `text`
     --> examples/iced_chat/app.rs:26357:60
      |
26357 |         use iced::widget::{button, column, container, row, text, text_input};
      |                                                            ^^^^

warning: unnecessary trailing semicolon
     --> examples/iced_chat/app.rs:26543:10
      |
26543 |         };
      |          ^ help: remove this semicolon
      |
      = note: `#[warn(redundant_semicolons)]` (part of `#[warn(unused)]`) on by default

warning: unused import: `text`
     --> examples/iced_chat/app.rs:26899:60
      |
26899 |         use iced::widget::{button, column, container, row, text, text_input};
      |                                                            ^^^^

warning: unused import: `text`
     --> examples/iced_chat/app.rs:27207:60
      |
27207 |         use iced::widget::{button, column, container, row, text};
      |                                                            ^^^^

warning: unused import: `text`
     --> examples/iced_chat/app.rs:27612:60
      |
27612 |         use iced::widget::{button, column, container, row, text, Space};
      |                                                            ^^^^

warning: unused import: `text`
     --> examples/iced_chat/app.rs:27951:60
      |
27951 |         use iced::widget::{button, column, container, row, text, Space};
      |                                                            ^^^^

warning: unused import: `text`
     --> examples/iced_chat/app.rs:29511:51
      |
29511 |             button, column, container, lazy, row, text, Column, Row, Space,
      |                                                   ^^^^

warning: unused import: `text`
     --> examples/iced_chat/app.rs:29841:52
      |
29841 |         use iced::widget::{button, container, row, text, Column, Row, Space};
      |                                                    ^^^^

warning: unused import: `text`
     --> examples/iced_chat/app.rs:30268:52
      |
30268 |         use iced::widget::{button, container, row, text, text_input, Column, Space};
      |                                                    ^^^^

warning: unused import: `self`
  --> examples/iced_chat/component_gallery.rs:16:5
   |
16 |     self, badge, card_header, date_separator, divider, elevated_card, empty_state,
   |     ^^^^

warning: unused import: `SPACE_24`
  --> examples/iced_chat/connection_details.rs:18:34
   |
18 |     SPACE_12, SPACE_16, SPACE_2, SPACE_24, SPACE_4, SPACE_6, SPACE_8, TYPO_SM, TYPO_XL, TYPO_XS,
   |                                  ^^^^^^^^

warning: unused import: `Element`
  --> examples/iced_chat/icon_system.rs:35:19
   |
35 | use iced::{Color, Element};
   |                   ^^^^^^^

warning: unused import: `DashboardTabName`
  --> examples/iced_chat/mcp_server.rs:72:5
   |
72 |     DashboardTabName, DiagnosticEvent, DiagnosticEventKind, DiagnosticStageState, Diagnostics,
   |     ^^^^^^^^^^^^^^^^

warning: unused import: `NotificationActionTarget`
  --> examples/iced_chat/notification/service.rs:15:5
   |
15 |     NotificationActionTarget, NotificationEvent, NotificationEventKind, NotificationPriority,
   |     ^^^^^^^^^^^^^^^^^^^^^^^^

warning: use of deprecated method `boru_core::chat_history::ChatHistoryStore::save`: SQLite inbox/outbox tables replace chat_history.json writes
    --> examples/iced_chat/app.rs:7416:41
     |
7416 |                 if let Err(err) = store.save() {
     |                                         ^^^^
     |
     = note: `#[warn(deprecated)]` on by default

warning: unused variable: `t`
   --> examples/iced_chat/app.rs:395:31
    |
395 |             t = t.style(move |t| text::Style { color: Some(c) });
    |                               ^ help: if this is intentional, prefix it with an underscore: `_t`
    |
    = note: `#[warn(unused_variables)]` (part of `#[warn(unused)]`) on by default

warning: unused variable: `t`
    --> examples/iced_chat/app.rs:6222:22
     |
6222 |         .style(move |t| container::Style {
     |                      ^ help: if this is intentional, prefix it with an underscore: `_t`

warning: unused variable: `theme`
    --> examples/iced_chat/app.rs:6496:5
     |
6496 |     theme: &iced::Theme,
     |     ^^^^^ help: if this is intentional, prefix it with an underscore: `_theme`

warning: variable does not need to be mutable
    --> examples/iced_chat/app.rs:6843:17
     |
6843 |             let mut store = if let Some(ref st) = storage {
     |                 ----^^^^^
     |                 |
     |                 help: remove this `mut`
     |
     = note: `#[warn(unused_mut)]` (part of `#[warn(unused)]`) on by default

warning: unused variable: `neighbor_count`
     --> examples/iced_chat/app.rs:10242:29
      |
10242 |                         let neighbor_count = neighbor_ids.len();
      |                             ^^^^^^^^^^^^^^ help: if this is intentional, prefix it with an underscore: `_neighbor_count`

warning: unused variable: `description`
     --> examples/iced_chat/app.rs:12390:17
      |
12390 |                 description,
      |                 ^^^^^^^^^^^ help: try ignoring the field: `description: _`

warning: unused variable: `entry`
     --> examples/iced_chat/app.rs:16828:26
      |
16828 |                     Some(entry) => {
      |                          ^^^^^ help: if this is intentional, prefix it with an underscore: `_entry`

warning: unused variable: `inviter_name`
     --> examples/iced_chat/app.rs:16847:21
      |
16847 |                 let inviter_name = self.local_label.clone();
      |                     ^^^^^^^^^^^^ help: if this is intentional, prefix it with an underscore: `_inviter_name`

warning: unused variable: `data_dir`
     --> examples/iced_chat/app.rs:16850:21
      |
16850 |                 let data_dir = self.data_dir.clone();
      |                     ^^^^^^^^ help: if this is intentional, prefix it with an underscore: `_data_dir`

warning: unused variable: `sk`
     --> examples/iced_chat/app.rs:16851:21
      |
16851 |                 let sk = self.secret_key.clone();
      |                     ^^ help: if this is intentional, prefix it with an underscore: `_sk`

warning: unused variable: `idx`
     --> examples/iced_chat/app.rs:19620:42
      |
19620 |             AppMessage::ContextCopyImage(idx) => {
      |                                          ^^^ help: if this is intentional, prefix it with an underscore: `_idx`

warning: unused variable: `t`
     --> examples/iced_chat/app.rs:21966:55
      |
21966 |                 text("Loading…").size(16).style(move |t| text::Style {
      |                                                       ^ help: if this is intentional, prefix it with an underscore: `_t`

warning: unused variable: `t`
     --> examples/iced_chat/app.rs:21962:52
      |
21962 |                 text(spinner).size(24).style(move |t| text::Style {
      |                                                    ^ help: if this is intentional, prefix it with an underscore: `_t`

warning: unused variable: `t`
     --> examples/iced_chat/app.rs:21956:30
      |
21956 |                 .style(move |t| text::Style {
      |                              ^ help: if this is intentional, prefix it with an underscore: `_t`

warning: unused variable: `t`
     --> examples/iced_chat/app.rs:22280:26
      |
22280 |             .style(move |t| iced::widget::container::Style {
      |                          ^ help: if this is intentional, prefix it with an underscore: `_t`

warning: unused variable: `t`
     --> examples/iced_chat/app.rs:24927:66
      |
24927 |                         icon_svg(ICON_LOCK, TYPO_SM).style(move |t, _| {
      |                                                                  ^ help: if this is intentional, prefix it with an underscore: `_t`

warning: unused variable: `t`
     --> examples/iced_chat/app.rs:25211:68
      |
25211 |                 icon_svg(hero_icon, IconSize::Lg.px()).style(move |t, _| {
      |                                                                    ^ help: if this is intentional, prefix it with an underscore: `_t`

warning: unused variable: `t`
     --> examples/iced_chat/app.rs:26563:30
      |
26563 |                 .style(move |t| iced::widget::container::Style {
      |                              ^ help: if this is intentional, prefix it with an underscore: `_t`

warning: unused variable: `t`
     --> examples/iced_chat/app.rs:26625:38
      |
26625 |                         .style(move |t| iced::widget::container::Style {
      |                                      ^ help: if this is intentional, prefix it with an underscore: `_t`

warning: unused variable: `t`
     --> examples/iced_chat/app.rs:27188:26
      |
27188 |             .style(move |t| iced::widget::container::Style {
      |                          ^ help: if this is intentional, prefix it with an underscore: `_t`

warning: unused variable: `r`
     --> examples/iced_chat/app.rs:27962:24
      |
27962 |             .and_then(|r| {
      |                        ^ help: if this is intentional, prefix it with an underscore: `_r`

warning: unused variable: `description`
     --> examples/iced_chat/app.rs:27961:13
      |
27961 |         let description = room_entry
      |             ^^^^^^^^^^^ help: if this is intentional, prefix it with an underscore: `_description`

warning: unused variable: `status`
     --> examples/iced_chat/app.rs:29311:24
      |
29311 |             .style(|t, status| iced::widget::button::Style {
      |                        ^^^^^^ help: if this is intentional, prefix it with an underscore: `_status`

warning: variable does not need to be mutable
     --> examples/iced_chat/app.rs:32780:20
      |
32780 |                 Ok(mut guard) => {
      |                    ----^^^^^
      |                    |
      |                    help: remove this `mut`

warning: unused variable: `t`
     --> examples/iced_chat/app.rs:33029:26
      |
33029 |             .style(move |t| container::Style {
      |                          ^ help: if this is intentional, prefix it with an underscore: `_t`

warning: unused variable: `t`
     --> examples/iced_chat/app.rs:33381:26
      |
33381 |             .style(move |t| container::Style {
      |                          ^ help: if this is intentional, prefix it with an underscore: `_t`

warning: unused variable: `t`
     --> examples/iced_chat/app.rs:33706:26
      |
33706 |             .style(move |t| container::Style {
      |                          ^ help: if this is intentional, prefix it with an underscore: `_t`

warning: unused variable: `t`
     --> examples/iced_chat/app.rs:34186:26
      |
34186 |             .style(move |t| container::Style {
      |                          ^ help: if this is intentional, prefix it with an underscore: `_t`

warning: unused variable: `t`
     --> examples/iced_chat/app.rs:34967:30
      |
34967 |                 .style(move |t| iced::widget::container::Style {
      |                              ^ help: if this is intentional, prefix it with an underscore: `_t`

warning: unused variable: `theme`
   --> examples/iced_chat/shared_by_me_table.rs:442:15
    |
442 | fn share_menu(theme: &Theme) -> Element<'static, AppMessage> {
    |               ^^^^^ help: if this is intentional, prefix it with an underscore: `_theme`

warning: unused variable: `theme`
   --> examples/iced_chat/shared_by_me_table.rs:975:5
    |
975 |     theme: &Theme,
    |     ^^^^^ help: if this is intentional, prefix it with an underscore: `_theme`

warning: unused variable: `theme`
    --> examples/iced_chat/shared_by_me_table.rs:1007:37
     |
1007 | fn action_menu(row: &SharedByMeRow, theme: &Theme) -> Element<'static, AppMessage> {
     |                                     ^^^^^ help: if this is intentional, prefix it with an underscore: `_theme`

warning: unused variable: `theme`
    --> examples/iced_chat/shared_by_me_table.rs:1404:18
     |
1404 | fn skeleton_body(theme: &Theme) -> Element<'static, AppMessage> {
     |                  ^^^^^ help: if this is intentional, prefix it with an underscore: `_theme`

warning: unused variable: `t`
    --> examples/iced_chat/ui_components.rs:1941:38
     |
1941 |                         .style(move |t| container::Style {
     |                                      ^ help: if this is intentional, prefix it with an underscore: `_t`

warning: unused variable: `theme`
    --> examples/iced_chat/ui_components.rs:2076:24
     |
2076 |     pub fn build(self, theme: &Theme) -> Element<'a, Message> {
     |                        ^^^^^ help: if this is intentional, prefix it with an underscore: `_theme`

warning: type `SettingsCachedKey` is more private than the item `SettingsDependency::cached_key`
    --> examples/iced_chat/app.rs:4437:5
     |
4437 |     pub(crate) cached_key: SettingsCachedKey,
     |     ^^^^^^^^^^^^^^^^^^^^^^^^^^^^^^^^^^^^^^^^ field `SettingsDependency::cached_key` is reachable at visibility `pub(crate)`
     |
note: but type `SettingsCachedKey` is only usable at visibility `pub(self)`
    --> examples/iced_chat/app.rs:6144:1
     |
6144 | struct SettingsCachedKey {
     | ^^^^^^^^^^^^^^^^^^^^^^^^
     = note: `#[warn(private_interfaces)]` on by default

warning: type `ProfileIdentityCacheKey` is more private than the item `SettingsDependency::identity_key`
    --> examples/iced_chat/app.rs:4438:5
     |
4438 |     pub(crate) identity_key: ProfileIdentityCacheKey,
     |     ^^^^^^^^^^^^^^^^^^^^^^^^^^^^^^^^^^^^^^^^^^^^^^^^ field `SettingsDependency::identity_key` is reachable at visibility `pub(crate)`
     |
note: but type `ProfileIdentityCacheKey` is only usable at visibility `pub(self)`
    --> examples/iced_chat/app.rs:6264:1
     |
6264 | struct ProfileIdentityCacheKey {
     | ^^^^^^^^^^^^^^^^^^^^^^^^^^^^^^

warning: type `PeerPresence` is more private than the item `FriendProfileDependency::presence`
    --> examples/iced_chat/app.rs:4620:5
     |
4620 |     pub(crate) presence: PeerPresence,
     |     ^^^^^^^^^^^^^^^^^^^^^^^^^^^^^^^^^ field `FriendProfileDependency::presence` is reachable at visibility `pub(crate)`
     |
note: but type `PeerPresence` is only usable at visibility `pub(self)`
    --> examples/iced_chat/app.rs:1356:1
     |
1356 | enum PeerPresence {
     | ^^^^^^^^^^^^^^^^^

warning: type `PeerPresence` is more private than the item `OnlinePeerRow::presence`
    --> examples/iced_chat/app.rs:4677:5
     |
4677 |     pub(crate) presence: PeerPresence,
     |     ^^^^^^^^^^^^^^^^^^^^^^^^^^^^^^^^^ field `OnlinePeerRow::presence` is reachable at visibility `pub(crate)`
     |
note: but type `PeerPresence` is only usable at visibility `pub(self)`
    --> examples/iced_chat/app.rs:1356:1
     |
1356 | enum PeerPresence {
     | ^^^^^^^^^^^^^^^^^

warning: type `SharedByMeRow` is more private than the item `AppMessage::SharedByMeLoaded::0`
    --> examples/iced_chat/app.rs:5059:9
     |
5059 | /         Result<
5060 | |             Vec<crate::shared_by_me_table::SharedByMeRow>,
5061 | |             String,
5062 | |         >,
     | |_________^ field `AppMessage::SharedByMeLoaded::0` is reachable at visibility `pub`
     |
note: but type `SharedByMeRow` is only usable at visibility `pub(crate)`
    --> examples/iced_chat/shared_by_me_table.rs:65:1
     |
  65 | pub(crate) struct SharedByMeRow {
     | ^^^^^^^^^^^^^^^^^^^^^^^^^^^^^^^

warning: type `RecentActivityRow` is more private than the item `AppMessage::DashboardRecentActivityLoaded::0`
    --> examples/iced_chat/app.rs:5072:35
     |
5072 |     DashboardRecentActivityLoaded(Vec<crate::recent_activity_view_model::RecentActivityRow>),
     |                                   ^^^^^^^^^^^^^^^^^^^^^^^^^^^^^^^^^^^^^^^^^^^^^^^^^^^^^^^^^ field `AppMessage::DashboardRecentActivityLoaded::0` is reachable at visibility `pub`
     |
note: but type `RecentActivityRow` is only usable at visibility `pub(crate)`
    --> examples/iced_chat/recent_activity_view_model.rs:58:1
     |
  58 | pub(crate) struct RecentActivityRow {
     | ^^^^^^^^^^^^^^^^^^^^^^^^^^^^^^^^^^^

warning: type `SharingSummary` is more private than the item `AppMessage::DashboardSharingSummaryLoaded::0`
    --> examples/iced_chat/app.rs:5075:35
     |
5075 |     DashboardSharingSummaryLoaded(Option<crate::sharing_summary::SharingSummary>),
     |                                   ^^^^^^^^^^^^^^^^^^^^^^^^^^^^^^^^^^^^^^^^^^^^^^ field `AppMessage::DashboardSharingSummaryLoaded::0` is reachable at visibility `pub`
     |
note: but type `SharingSummary` is only usable at visibility `pub(crate)`
    --> examples/iced_chat/sharing_summary.rs:49:1
     |
  49 | pub(crate) struct SharingSummary {
     | ^^^^^^^^^^^^^^^^^^^^^^^^^^^^^^^^

warning: type `CompletedDownloadItem` is more private than the item `AppMessage::DashboardDownloadedLoaded::0`
    --> examples/iced_chat/app.rs:5080:9
     |
5080 |         Result<Vec<crate::dashboard_view_model::CompletedDownloadItem>, String>,
     |         ^^^^^^^^^^^^^^^^^^^^^^^^^^^^^^^^^^^^^^^^^^^^^^^^^^^^^^^^^^^^^^^^^^^^^^^ field `AppMessage::DashboardDownloadedLoaded::0` is reachable at visibility `pub`
     |
note: but type `CompletedDownloadItem` is only usable at visibility `pub(crate)`
    --> examples/iced_chat/dashboard_view_model.rs:573:1
     |
 573 | pub(crate) struct CompletedDownloadItem {
     | ^^^^^^^^^^^^^^^^^^^^^^^^^^^^^^^^^^^^^^^

warning: type `SharedByMeSortKey` is more private than the item `AppMessage::DashboardSharedByMeSortClicked::0`
    --> examples/iced_chat/app.rs:5102:36
     |
5102 |     DashboardSharedByMeSortClicked(crate::dashboard_filters::SharedByMeSortKey),
     |                                    ^^^^^^^^^^^^^^^^^^^^^^^^^^^^^^^^^^^^^^^^^^^ field `AppMessage::DashboardSharedByMeSortClicked::0` is reachable at visibility `pub`
     |
note: but type `SharedByMeSortKey` is only usable at visibility `pub(crate)`
    --> examples/iced_chat/dashboard_filters.rs:67:1
     |
  67 | pub(crate) enum SharedByMeSortKey {
     | ^^^^^^^^^^^^^^^^^^^^^^^^^^^^^^^^^

warning: type `DownloadedSortKey` is more private than the item `AppMessage::DashboardDownloadedSortClicked::0`
    --> examples/iced_chat/app.rs:5104:36
     |
5104 |     DashboardDownloadedSortClicked(crate::dashboard_filters::DownloadedSortKey),
     |                                    ^^^^^^^^^^^^^^^^^^^^^^^^^^^^^^^^^^^^^^^^^^^ field `AppMessage::DashboardDownloadedSortClicked::0` is reachable at visibility `pub`
     |
note: but type `DownloadedSortKey` is only usable at visibility `pub(crate)`
    --> examples/iced_chat/dashboard_filters.rs:208:1
     |
 208 | pub(crate) enum DownloadedSortKey {
     | ^^^^^^^^^^^^^^^^^^^^^^^^^^^^^^^^^

warning: type `ActivitySortKey` is more private than the item `AppMessage::DashboardActivitySortClicked::0`
    --> examples/iced_chat/app.rs:5106:34
     |
5106 |     DashboardActivitySortClicked(crate::dashboard_filters::ActivitySortKey),
     |                                  ^^^^^^^^^^^^^^^^^^^^^^^^^^^^^^^^^^^^^^^^^ field `AppMessage::DashboardActivitySortClicked::0` is reachable at visibility `pub`
     |
note: but type `ActivitySortKey` is only usable at visibility `pub(crate)`
    --> examples/iced_chat/dashboard_filters.rs:370:1
     |
 370 | pub(crate) enum ActivitySortKey {
     | ^^^^^^^^^^^^^^^^^^^^^^^^^^^^^^^

warning: type `DashboardTab` is more private than the item `AppMessage::DashboardTabSelected::0`
    --> examples/iced_chat/app.rs:5108:26
     |
5108 |     DashboardTabSelected(crate::dashboard_view_model::DashboardTab),
     |                          ^^^^^^^^^^^^^^^^^^^^^^^^^^^^^^^^^^^^^^^^^ field `AppMessage::DashboardTabSelected::0` is reachable at visibility `pub`
     |
note: but type `DashboardTab` is only usable at visibility `pub(crate)`
    --> examples/iced_chat/dashboard_view_model.rs:12:1
     |
  12 | pub(crate) enum DashboardTab {
     | ^^^^^^^^^^^^^^^^^^^^^^^^^^^^

warning: type `ActivityLogRow` is more private than the item `AppMessage::ActivityLogLoaded::0`
    --> examples/iced_chat/app.rs:5110:23
     |
5110 |     ActivityLogLoaded(Vec<crate::activity_log_view_model::ActivityLogRow>),
     |                       ^^^^^^^^^^^^^^^^^^^^^^^^^^^^^^^^^^^^^^^^^^^^^^^^^^^ field `AppMessage::ActivityLogLoaded::0` is reachable at visibility `pub`
     |
note: but type `ActivityLogRow` is only usable at visibility `pub(crate)`
    --> examples/iced_chat/activity_log_view_model.rs:151:1
     |
 151 | pub(crate) struct ActivityLogRow {
     | ^^^^^^^^^^^^^^^^^^^^^^^^^^^^^^^^

warning: type `ActivityLogFilter` is more private than the item `AppMessage::ActivityLogFilterSelected::0`
    --> examples/iced_chat/app.rs:5114:31
     |
5114 |     ActivityLogFilterSelected(crate::activity_log_view_model::ActivityLogFilter),
     |                               ^^^^^^^^^^^^^^^^^^^^^^^^^^^^^^^^^^^^^^^^^^^^^^^^^ field `AppMessage::ActivityLogFilterSelected::0` is reachable at visibility `pub`
     |
note: but type `ActivityLogFilter` is only usable at visibility `pub(crate)`
    --> examples/iced_chat/activity_log_view_model.rs:112:1
     |
 112 | pub(crate) enum ActivityLogFilter {
     | ^^^^^^^^^^^^^^^^^^^^^^^^^^^^^^^^^

warning: type `GifResult` is more private than the item `AppMessage::GifSearchResults::0`
    --> examples/iced_chat/app.rs:5454:22
     |
5454 |     GifSearchResults(Vec<GifResult>),
     |                      ^^^^^^^^^^^^^^ field `AppMessage::GifSearchResults::0` is reachable at visibility `pub`
     |
note: but type `GifResult` is only usable at visibility `pub(self)`
    --> examples/iced_chat/app.rs:2697:1
     |
2697 | struct GifResult {
     | ^^^^^^^^^^^^^^^^

warning: variant `Small` is never constructed
   --> examples/iced_chat/app.rs:325:5
    |
323 | pub(crate) enum LogoSize {
    |                 -------- variant in this enum
324 |     /// Compact header — ~16 px.
325 |     Small,
    |     ^^^^^
    |
    = note: `LogoSize` has derived impls for the traits `Clone` and `Debug`, but these are intentionally ignored during dead code analysis
    = note: `#[warn(dead_code)]` (part of `#[warn(unused)]`) on by default

warning: function `bg_selected` is never used
   --> examples/iced_chat/app.rs:741:4
    |
741 | fn bg_selected(theme: &iced::Theme) -> Color {
    |    ^^^^^^^^^^^

warning: constant `ICON_EMOJI` is never used
   --> examples/iced_chat/app.rs:799:18
    |
799 | pub(crate) const ICON_EMOJI: &str = "😊";
    |                  ^^^^^^^^^^

warning: constant `BUTTON_CARD` is never used
    --> examples/iced_chat/app.rs:1153:18
     |
1153 | pub(crate) const BUTTON_CARD: fn(
     |                  ^^^^^^^^^^^

warning: function `tunnel_status_label` is never used
    --> examples/iced_chat/app.rs:1324:4
     |
1324 | fn tunnel_status_label(def: &boru_core::tunnel::service::TunnelDefinition) -> &'static str {
     |    ^^^^^^^^^^^^^^^^^^^

warning: function `tunnel_status_color` is never used
    --> examples/iced_chat/app.rs:1335:4
     |
1335 | fn tunnel_status_color(
     |    ^^^^^^^^^^^^^^^^^^^

warning: variants `UnsupportedCodec`, `CorruptFile`, `MissingFile`, `PermissionDenied`, `Initialization`, and `Unknown` are never constructed
    --> examples/iced_chat/app.rs:1511:5
     |
1510 | pub(crate) enum InlinePlaybackErrorKind {
     |                 ----------------------- variants in this enum
1511 |     UnsupportedCodec,
     |     ^^^^^^^^^^^^^^^^
1512 |     CorruptFile,
     |     ^^^^^^^^^^^
1513 |     MissingFile,
     |     ^^^^^^^^^^^
1514 |     PermissionDenied,
     |     ^^^^^^^^^^^^^^^^
1515 |     Initialization,
     |     ^^^^^^^^^^^^^^
1516 |     Unknown,
     |     ^^^^^^^
     |
     = note: `InlinePlaybackErrorKind` has derived impls for the traits `Debug` and `Clone`, but these are intentionally ignored during dead code analysis

warning: associated function `from_backend` is never used
    --> examples/iced_chat/app.rs:1527:19
     |
1526 | impl InlinePlaybackError {
     | ------------------------ associated function in this implementation
1527 |     pub(crate) fn from_backend(error: impl Into<String>) -> Self {
     |                   ^^^^^^^^^^^^

warning: field `0` is never read
    --> examples/iced_chat/app.rs:1902:12
     |
1902 |     Failed(String),
     |     ------ ^^^^^^
     |     |
     |     field in this variant
     |
     = note: `CatalogueDownloadState` has derived impls for the traits `Debug` and `Clone`, but these are intentionally ignored during dead code analysis
help: consider changing the field to be of unit type to suppress this warning while preserving the field numbering, or remove the field
     |
1902 -     Failed(String),
1902 +     Failed(()),
     |

warning: field `outbound_item_labels` is never read
    --> examples/iced_chat/app.rs:3568:5
     |
2960 | pub struct IcedChat {
     |            -------- field in this struct
...
3568 |     outbound_item_labels: Arc<StdMutex<HashMap<String, String>>>,
     |     ^^^^^^^^^^^^^^^^^^^^

warning: variants `FileShared`, `Message`, and `Generic` are never constructed
    --> examples/iced_chat/app.rs:3834:5
     |
3831 | pub(crate) enum ActivityKind {
     |                 ------------ variants in this enum
...
3834 |     FileShared,
     |     ^^^^^^^^^^
3835 |     Message,
     |     ^^^^^^^
3836 |     Generic,
     |     ^^^^^^^
     |
     = note: `ActivityKind` has derived impls for the traits `Clone` and `Debug`, but these are intentionally ignored during dead code analysis

warning: associated function `new` is never used
    --> examples/iced_chat/app.rs:3840:8
     |
3839 | impl RecentActivityEvent {
     | ------------------------ associated function in this implementation
3840 |     fn new(description: impl Into<String>) -> Self {
     |        ^^^

warning: field `is_http` is never read
    --> examples/iced_chat/app.rs:4894:5
     |
4890 | struct SharedTunnelState {
     |        ----------------- field in this struct
...
4894 |     is_http: bool,
     |     ^^^^^^^
     |
     = note: `SharedTunnelState` has derived impls for the traits `Clone` and `Debug`, but these are intentionally ignored during dead code analysis

warning: associated function `content_type_for_filename` is never used
    --> examples/iced_chat/app.rs:8914:8
     |
8807 | impl IcedChat {
     | ------------- associated function in this implementation
...
8914 |     fn content_type_for_filename(name: &str) -> String {
     |        ^^^^^^^^^^^^^^^^^^^^^^^^^

warning: method `emit_message_notification` is never used
     --> examples/iced_chat/app.rs:20513:8
      |
 9763 | impl IcedChat {
      | ------------- method in this implementation
...
20513 |     fn emit_message_notification(
      |        ^^^^^^^^^^^^^^^^^^^^^^^^^

warning: methods `view_peers_downloading_from_me` and `peer_download_row` are never used
     --> examples/iced_chat/app.rs:32822:8
      |
30826 | impl IcedChat {
      | ------------- methods in this implementation
...
32822 |     fn view_peers_downloading_from_me(&self, theme: &iced::Theme) -> iced::Element<'_, AppMessage> {
      |        ^^^^^^^^^^^^^^^^^^^^^^^^^^^^^^
...
32857 |     fn peer_download_row<'a>(
      |        ^^^^^^^^^^^^^^^^^

warning: variant `Neutral` is never constructed
  --> examples/iced_chat/card_shell.rs:68:5
   |
66 | pub enum StatusBadgeKind {
   |          --------------- variant in this enum
67 |     /// Neutral / informational — muted surface.
68 |     Neutral,
   |     ^^^^^^^
   |
   = note: `StatusBadgeKind` has derived impls for the traits `Debug` and `Clone`, but these are intentionally ignored during dead code analysis

warning: enum `ScreenStatus` is never used
  --> examples/iced_chat/dashboard_view_model.rs:42:17
   |
42 | pub(crate) enum ScreenStatus {
   |                 ^^^^^^^^^^^^

warning: enum `Progress` is never used
  --> examples/iced_chat/dashboard_view_model.rs:66:17
   |
66 | pub(crate) enum Progress {
   |                 ^^^^^^^^

warning: associated items `from_bytes` and `fraction` are never used
  --> examples/iced_chat/dashboard_view_model.rs:74:19
   |
72 | impl Progress {
   | ------------- associated items in this implementation
73 |     /// Build a progress value from cumulative bytes and an optional total.
74 |     pub(crate) fn from_bytes(bytes: u64, total: Option<u64>) -> Self {
   |                   ^^^^^^^^^^
...
82 |     pub(crate) fn fraction(&self) -> Option<f32> {
   |                   ^^^^^^^^

warning: variants `Allowed`, `Denied`, and `Unknown` are never constructed
   --> examples/iced_chat/dashboard_view_model.rs:101:5
    |
100 | pub(crate) enum AccessState {
    |                 ----------- variants in this enum
101 |     Allowed,
    |     ^^^^^^^
102 |     Denied,
    |     ^^^^^^
103 |     Unknown,
    |     ^^^^^^^
    |
    = note: `AccessState` has derived impls for the traits `Debug` and `Clone`, but these are intentionally ignored during dead code analysis

warning: struct `PeerDownload` is never constructed
   --> examples/iced_chat/dashboard_view_model.rs:188:19
    |
188 | pub(crate) struct PeerDownload {
    |                   ^^^^^^^^^^^^

warning: enum `OutboundState` is never used
   --> examples/iced_chat/dashboard_view_model.rs:206:17
    |
206 | pub(crate) enum OutboundState {
    |                 ^^^^^^^^^^^^^

warning: function `outbound_row` is never used
   --> examples/iced_chat/dashboard_view_model.rs:237:15
    |
237 | pub(crate) fn outbound_row(
    |               ^^^^^^^^^^^^

warning: function `sort_outbound_rows` is never used
   --> examples/iced_chat/dashboard_view_model.rs:273:15
    |
273 | pub(crate) fn sort_outbound_rows(rows: &mut [PeerDownload]) {
    |               ^^^^^^^^^^^^^^^^^^

warning: enum `DownloadStatus` is never used
   --> examples/iced_chat/dashboard_view_model.rs:282:17
    |
282 | pub(crate) enum DownloadStatus {
    |                 ^^^^^^^^^^^^^^

warning: struct `DownloadRow` is never constructed
   --> examples/iced_chat/dashboard_view_model.rs:297:19
    |
297 | pub(crate) struct DownloadRow {
    |                   ^^^^^^^^^^^

warning: enum `ActivityKind` is never used
   --> examples/iced_chat/dashboard_view_model.rs:310:17
    |
310 | pub(crate) enum ActivityKind {
    |                 ^^^^^^^^^^^^

warning: struct `ActivityEvent` is never constructed
   --> examples/iced_chat/dashboard_view_model.rs:321:19
    |
321 | pub(crate) struct ActivityEvent {
    |                   ^^^^^^^^^^^^^

warning: associated function `new` is never used
   --> examples/iced_chat/dashboard_view_model.rs:329:19
    |
328 | impl ActivityEvent {
    | ------------------ associated function in this implementation
329 |     pub(crate) fn new(id: impl Into<String>, occurred_at_ms: u64, kind: ActivityKind) -> Self {
    |                   ^^^

warning: struct `SharingMetrics` is never constructed
   --> examples/iced_chat/dashboard_view_model.rs:340:19
    |
340 | pub(crate) struct SharingMetrics {
    |                   ^^^^^^^^^^^^^^

warning: struct `DashboardState` is never constructed
   --> examples/iced_chat/dashboard_view_model.rs:347:19
    |
347 | pub(crate) struct DashboardState {
    |                   ^^^^^^^^^^^^^^

warning: associated function `empty` is never used
   --> examples/iced_chat/dashboard_view_model.rs:359:19
    |
358 | impl DashboardState {
    | ------------------- associated function in this implementation
359 |     pub(crate) fn empty(status: ScreenStatus) -> Self {
    |                   ^^^^^

warning: function `project_local_shared_file` is never used
   --> examples/iced_chat/dashboard_view_model.rs:373:15
    |
373 | pub(crate) fn project_local_shared_file(
    |               ^^^^^^^^^^^^^^^^^^^^^^^^^

warning: function `project_remote_shared_file` is never used
   --> examples/iced_chat/dashboard_view_model.rs:391:15
    |
391 | pub(crate) fn project_remote_shared_file(owner_id: &str, file: &RemoteSharedFile) -> SharedItem {
    |               ^^^^^^^^^^^^^^^^^^^^^^^^^^

warning: function `project_download` is never used
   --> examples/iced_chat/dashboard_view_model.rs:404:15
    |
404 | pub(crate) fn project_download(
    |               ^^^^^^^^^^^^^^^^

warning: function `project_transfer_event` is never used
   --> examples/iced_chat/dashboard_view_model.rs:432:15
    |
432 | pub(crate) fn project_transfer_event(event: &TransferLifecycleEvent) -> ActivityEvent {
    |               ^^^^^^^^^^^^^^^^^^^^^^

warning: function `sort_activity` is never used
   --> examples/iced_chat/dashboard_view_model.rs:441:15
    |
441 | pub(crate) fn sort_activity(events: &mut [ActivityEvent]) {
    |               ^^^^^^^^^^^^^

warning: function `sort_shared_items` is never used
   --> examples/iced_chat/dashboard_view_model.rs:449:15
    |
449 | pub(crate) fn sort_shared_items(items: &mut [SharedItem]) {
    |               ^^^^^^^^^^^^^^^^^

warning: function `sort_downloads` is never used
   --> examples/iced_chat/dashboard_view_model.rs:457:15
    |
457 | pub(crate) fn sort_downloads(downloads: &mut [DownloadRow]) {
    |               ^^^^^^^^^^^^^^

warning: function `metrics` is never used
   --> examples/iced_chat/dashboard_view_model.rs:465:15
    |
465 | pub(crate) fn metrics(
    |               ^^^^^^^

warning: function `format_progress` is never used
   --> examples/iced_chat/dashboard_view_model.rs:502:15
    |
502 | pub(crate) fn format_progress(progress: &Progress) -> String {
    |               ^^^^^^^^^^^^^^^

warning: function `download_status` is never used
   --> examples/iced_chat/dashboard_view_model.rs:512:4
    |
512 | fn download_status(value: &str) -> DownloadStatus {
    |    ^^^^^^^^^^^^^^^

warning: function `activity_kind` is never used
   --> examples/iced_chat/dashboard_view_model.rs:528:4
    |
528 | fn activity_kind(value: &str) -> ActivityKind {
    |    ^^^^^^^^^^^^^

warning: function `activity_label` is never used
   --> examples/iced_chat/dashboard_view_model.rs:540:4
    |
540 | fn activity_label(kind: ActivityKind) -> &'static str {
    |    ^^^^^^^^^^^^^^

warning: function `short_peer_id` is never used
  --> examples/iced_chat/dashboard_filters.rs:59:15
   |
59 | pub(crate) fn short_peer_id(id: &str) -> String {
   |               ^^^^^^^^^^^^^

warning: method `apply` is never used
   --> examples/iced_chat/dashboard_filters.rs:261:19
    |
246 | impl DownloadedSort {
    | ------------------- method in this implementation
...
261 |     pub(crate) fn apply(self, items: &mut [CompletedDownloadItem]) {
    |                   ^^^^^

warning: constant `PRIMARY_LEGACY` is never used
   --> examples/iced_chat/design_tokens.rs:103:11
    |
103 | pub const PRIMARY_LEGACY: Color = Color::from_rgb(
    |           ^^^^^^^^^^^^^^

warning: constant `PRIMARY_HOVER_LEGACY` is never used
   --> examples/iced_chat/design_tokens.rs:109:11
    |
109 | pub const PRIMARY_HOVER_LEGACY: Color = Color::from_rgb(
    |           ^^^^^^^^^^^^^^^^^^^^

warning: constant `SPACE_40` is never used
   --> examples/iced_chat/design_tokens.rs:140:11
    |
140 | pub const SPACE_40: f32 = 40.0;
    |           ^^^^^^^^

warning: constant `CONTROL_HEIGHT` is never used
   --> examples/iced_chat/design_tokens.rs:143:11
    |
143 | pub const CONTROL_HEIGHT: f32 = 40.0;
    |           ^^^^^^^^^^^^^^

warning: constant `CONTROL_HEIGHT_COMPACT` is never used
   --> examples/iced_chat/design_tokens.rs:144:11
    |
144 | pub const CONTROL_HEIGHT_COMPACT: f32 = 36.0;
    |           ^^^^^^^^^^^^^^^^^^^^^^

warning: constant `AVATAR_LG` is never used
   --> examples/iced_chat/design_tokens.rs:162:11
    |
162 | pub const AVATAR_LG: f32 = 64.0;
    |           ^^^^^^^^^

warning: constant `SIDEBAR_WIDTH_MAX` is never used
   --> examples/iced_chat/design_tokens.rs:168:11
    |
168 | pub const SIDEBAR_WIDTH_MAX: f32 = 320.0;
    |           ^^^^^^^^^^^^^^^^^

warning: constant `MESSAGE_MAX_WIDTH` is never used
   --> examples/iced_chat/design_tokens.rs:172:11
    |
172 | pub const MESSAGE_MAX_WIDTH: f32 = 480.0;
    |           ^^^^^^^^^^^^^^^^^

warning: constant `IMAGE_PREVIEW_MAX_WIDTH` is never used
   --> examples/iced_chat/design_tokens.rs:178:11
    |
178 | pub const IMAGE_PREVIEW_MAX_WIDTH: f32 = 360.0;
    |           ^^^^^^^^^^^^^^^^^^^^^^^

warning: constant `IMAGE_PREVIEW_MAX_HEIGHT` is never used
   --> examples/iced_chat/design_tokens.rs:179:11
    |
179 | pub const IMAGE_PREVIEW_MAX_HEIGHT: f32 = 400.0;
    |           ^^^^^^^^^^^^^^^^^^^^^^^^

warning: constant `VIEWPORT_REF_HEIGHT` is never used
   --> examples/iced_chat/design_tokens.rs:184:11
    |
184 | pub const VIEWPORT_REF_HEIGHT: f32 = 800.0;
    |           ^^^^^^^^^^^^^^^^^^^

warning: constant `VIEWPORT_MIN_HEIGHT` is never used
   --> examples/iced_chat/design_tokens.rs:188:11
    |
188 | pub const VIEWPORT_MIN_HEIGHT: f32 = 720.0;
    |           ^^^^^^^^^^^^^^^^^^^

warning: constant `PEER_PANEL_MAX_HEIGHT` is never used
   --> examples/iced_chat/design_tokens.rs:210:11
    |
210 | pub const PEER_PANEL_MAX_HEIGHT: f32 = 320.0;
    |           ^^^^^^^^^^^^^^^^^^^^^

warning: constant `VIEWPORT_LG_HEIGHT` is never used
   --> examples/iced_chat/design_tokens.rs:214:11
    |
214 | pub const VIEWPORT_LG_HEIGHT: f32 = 900.0;
    |           ^^^^^^^^^^^^^^^^^^

warning: constant `VIEWPORT_XL_WIDTH` is never used
   --> examples/iced_chat/design_tokens.rs:217:11
    |
217 | pub const VIEWPORT_XL_WIDTH: f32 = 1920.0;
    |           ^^^^^^^^^^^^^^^^^

warning: constant `VIEWPORT_XL_HEIGHT` is never used
   --> examples/iced_chat/design_tokens.rs:218:11
    |
218 | pub const VIEWPORT_XL_HEIGHT: f32 = 1080.0;
    |           ^^^^^^^^^^^^^^^^^^

warning: constant `CONTENT_MAX_WIDTH` is never used
   --> examples/iced_chat/design_tokens.rs:221:11
    |
221 | pub const CONTENT_MAX_WIDTH: f32 = 720.0;
    |           ^^^^^^^^^^^^^^^^^

warning: function `is_compact` is never used
   --> examples/iced_chat/design_tokens.rs:236:8
    |
236 | pub fn is_compact(width: f32) -> bool {
    |        ^^^^^^^^^^

warning: function `is_medium` is never used
   --> examples/iced_chat/design_tokens.rs:241:8
    |
241 | pub fn is_medium(width: f32) -> bool {
    |        ^^^^^^^^^

warning: function `selected_surface` is never used
   --> examples/iced_chat/design_tokens.rs:685:8
    |
685 | pub fn selected_surface(theme: &Theme) -> Color {
    |        ^^^^^^^^^^^^^^^^

warning: function `focus_border` is never used
   --> examples/iced_chat/design_tokens.rs:705:8
    |
705 | pub fn focus_border(theme: &Theme) -> iced::Border {
    |        ^^^^^^^^^^^^

warning: function `surface_style` is never used
   --> examples/iced_chat/design_tokens.rs:714:8
    |
714 | pub fn surface_style(theme: &Theme) -> container::Style {
    |        ^^^^^^^^^^^^^

warning: constant `MAX_DOWNLOADED_HISTORY` is never used
  --> examples/iced_chat/downloaded_view_model.rs:23:18
   |
23 | pub(crate) const MAX_DOWNLOADED_HISTORY: usize = 200;
   |                  ^^^^^^^^^^^^^^^^^^^^^^

warning: enum `LocalFileState` is never used
  --> examples/iced_chat/downloaded_view_model.rs:27:17
   |
27 | pub(crate) enum LocalFileState {
   |                 ^^^^^^^^^^^^^^

warning: methods `label` and `exists` are never used
  --> examples/iced_chat/downloaded_view_model.rs:39:19
   |
38 | impl LocalFileState {
   | ------------------- methods in this implementation
39 |     pub(crate) fn label(self) -> &'static str {
   |                   ^^^^^
...
49 |     pub(crate) fn exists(self) -> bool {
   |                   ^^^^^^

warning: function `detect_local_file_state` is never used
  --> examples/iced_chat/downloaded_view_model.rs:57:15
   |
57 | pub(crate) fn detect_local_file_state(
   |               ^^^^^^^^^^^^^^^^^^^^^^^

warning: struct `DownloadedItem` is never constructed
  --> examples/iced_chat/downloaded_view_model.rs:79:19
   |
79 | pub(crate) struct DownloadedItem {
   |                   ^^^^^^^^^^^^^^

warning: function `project_downloaded_item` is never used
   --> examples/iced_chat/downloaded_view_model.rs:108:15
    |
108 | pub(crate) fn project_downloaded_item(
    |               ^^^^^^^^^^^^^^^^^^^^^^^

warning: function `sort_downloaded_items` is never used
   --> examples/iced_chat/downloaded_view_model.rs:128:15
    |
128 | pub(crate) fn sort_downloaded_items(items: &mut [DownloadedItem]) {
    |               ^^^^^^^^^^^^^^^^^^^^^

warning: function `format_bytes` is never used
   --> examples/iced_chat/downloaded_view_model.rs:137:15
    |
137 | pub(crate) fn format_bytes(bytes: u64) -> String {
    |               ^^^^^^^^^^^^

warning: method `label` is never used
  --> examples/iced_chat/downloading_view_model.rs:53:19
   |
52 | impl IncomingState {
   | ------------------ method in this implementation
53 |     pub(crate) fn label(self) -> &'static str {
   |                   ^^^^^

warning: method `fraction` is never used
   --> examples/iced_chat/downloading_view_model.rs:109:19
    |
 94 | impl IncomingProgress {
    | --------------------- method in this implementation
...
109 |     pub(crate) fn fraction(&self) -> Option<f32> {
    |                   ^^^^^^^^

warning: constant `MAX_OUTBOUND_HISTORY` is never used
  --> examples/iced_chat/peers_downloading_view_model.rs:28:18
   |
28 | pub(crate) const MAX_OUTBOUND_HISTORY: usize = 50;
   |                  ^^^^^^^^^^^^^^^^^^^^

warning: enum `OutboundState` is never used
  --> examples/iced_chat/peers_downloading_view_model.rs:34:17
   |
34 | pub(crate) enum OutboundState {
   |                 ^^^^^^^^^^^^^

warning: methods `label` and `is_terminal` are never used
  --> examples/iced_chat/peers_downloading_view_model.rs:53:19
   |
52 | impl OutboundState {
   | ------------------ methods in this implementation
53 |     pub(crate) fn label(self) -> &'static str {
   |                   ^^^^^
...
68 |     pub(crate) fn is_terminal(self) -> bool {
   |                   ^^^^^^^^^^^

warning: enum `OutboundProgress` is never used
  --> examples/iced_chat/peers_downloading_view_model.rs:88:17
   |
88 | pub(crate) enum OutboundProgress {
   |                 ^^^^^^^^^^^^^^^^

warning: associated items `from_bytes` and `fraction` are never used
   --> examples/iced_chat/peers_downloading_view_model.rs:95:19
    |
 94 | impl OutboundProgress {
    | --------------------- associated items in this implementation
 95 |     pub(crate) fn from_bytes(bytes: u64, total: Option<u64>) -> Self {
    |                   ^^^^^^^^^^
...
108 |     pub(crate) fn fraction(&self) -> Option<f32> {
    |                   ^^^^^^^^

warning: struct `PeersDownloadingRow` is never constructed
   --> examples/iced_chat/peers_downloading_view_model.rs:121:19
    |
121 | pub(crate) struct PeersDownloadingRow {
    |                   ^^^^^^^^^^^^^^^^^^^

warning: function `outbound_row` is never used
   --> examples/iced_chat/peers_downloading_view_model.rs:149:15
    |
149 | pub(crate) fn outbound_row(
    |               ^^^^^^^^^^^^

warning: function `sort_outbound_rows` is never used
   --> examples/iced_chat/peers_downloading_view_model.rs:180:15
    |
180 | pub(crate) fn sort_outbound_rows(rows: &mut [PeersDownloadingRow]) {
    |               ^^^^^^^^^^^^^^^^^^

warning: function `apply_outbound_update` is never used
   --> examples/iced_chat/peers_downloading_view_model.rs:190:15
    |
190 | pub(crate) fn apply_outbound_update(
    |               ^^^^^^^^^^^^^^^^^^^^^

warning: function `resync_outbound_panel` is never used
   --> examples/iced_chat/peers_downloading_view_model.rs:214:15
    |
214 | pub(crate) fn resync_outbound_panel(
    |               ^^^^^^^^^^^^^^^^^^^^^

warning: function `format_bytes` is never used
   --> examples/iced_chat/peers_downloading_view_model.rs:236:15
    |
236 | pub(crate) fn format_bytes(bytes: u64) -> String {
    |               ^^^^^^^^^^^^

warning: function `format_progress` is never used
   --> examples/iced_chat/peers_downloading_view_model.rs:253:15
    |
253 | pub(crate) fn format_progress(progress: &OutboundProgress) -> String {
    |               ^^^^^^^^^^^^^^^

warning: methods `label` and `key` are never used
  --> examples/iced_chat/activity_log_view_model.rs:64:19
   |
54 | impl ActivityDirection {
   | ---------------------- methods in this implementation
...
64 |     pub(crate) fn label(self) -> &'static str {
   |                   ^^^^^
...
72 |     pub(crate) fn key(self) -> &'static str {
   |                   ^^^

warning: method `label` is never used
  --> examples/iced_chat/activity_log_view_model.rs:98:19
   |
94 | impl ActivityOutcome {
   | -------------------- method in this implementation
...
98 |     pub(crate) fn label(self) -> &'static str {
   |                   ^^^^^

warning: method `family_name` is never used
   --> examples/iced_chat/fonts.rs:277:12
    |
275 | impl Typography {
    | --------------- method in this implementation
276 |     /// Return the font family name for this token.
277 |     pub fn family_name(self) -> &'static str {
    |            ^^^^^^^^^^^

warning: constant `HOME_GREETING` is never used
   --> examples/iced_chat/fonts.rs:198:15
    |
198 |     pub const HOME_GREETING: f32 = 32.0;
    |               ^^^^^^^^^^^^^

warning: function `text_editor_style` is never used
   --> examples/iced_chat/form_components.rs:278:4
    |
278 | fn text_editor_style(theme: &Theme, status: text_editor::Status) -> text_editor::Style {
    |    ^^^^^^^^^^^^^^^^^

warning: function `text_editor_error_style` is never used
   --> examples/iced_chat/form_components.rs:300:4
    |
300 | fn text_editor_error_style(theme: &Theme, status: text_editor::Status) -> text_editor::Style {
    |    ^^^^^^^^^^^^^^^^^^^^^^^

warning: struct `TextArea` is never constructed
   --> examples/iced_chat/form_components.rs:313:12
    |
313 | pub struct TextArea<'a> {
    |            ^^^^^^^^

warning: associated items `new`, `placeholder`, `helper`, `error`, `min_height`, and `build` are never used
   --> examples/iced_chat/form_components.rs:326:12
    |
323 | impl<'a> TextArea<'a> {
    | --------------------- associated items in this implementation
...
326 |     pub fn new(
    |            ^^^
...
343 |     pub fn placeholder(mut self, placeholder: impl Into<String>) -> Self {
    |            ^^^^^^^^^^^
...
349 |     pub fn helper(mut self, helper: impl Into<String>) -> Self {
    |            ^^^^^^
...
355 |     pub fn error(mut self, error: impl Into<String>) -> Self {
    |            ^^^^^
...
361 |     pub fn min_height(mut self, px: f32) -> Self {
    |            ^^^^^^^^^^
...
367 |     pub fn build(self) -> Element<'a, AppMessage> {
    |            ^^^^^

warning: function `pick_list_style` is never used
   --> examples/iced_chat/form_components.rs:404:4
    |
404 | fn pick_list_style(theme: &Theme, status: pick_list::Status) -> pick_list::Style {
    |    ^^^^^^^^^^^^^^^

warning: struct `Select` is never constructed
   --> examples/iced_chat/form_components.rs:442:12
    |
442 | pub struct Select<'a, T> {
    |            ^^^^^^

warning: associated items `new`, `placeholder`, `helper`, `error`, and `build` are never used
   --> examples/iced_chat/form_components.rs:458:12
    |
452 | / impl<'a, T> Select<'a, T>
453 | | where
454 | |     T: ToString + PartialEq + Clone + 'a,
    | |_________________________________________- associated items in this implementation
...
458 |       pub fn new(
    |              ^^^
...
476 |       pub fn placeholder(mut self, placeholder: impl Into<String>) -> Self {
    |              ^^^^^^^^^^^
...
482 |       pub fn helper(mut self, helper: impl Into<String>) -> Self {
    |              ^^^^^^
...
488 |       pub fn error(mut self, error: impl Into<String>) -> Self {
    |              ^^^^^
...
494 |       pub fn build(self) -> Element<'a, AppMessage> {
    |              ^^^^^

warning: methods `confirm_disabled` and `push` are never used
    --> examples/iced_chat/form_components.rs:1086:12
     |
1062 | impl<'a> DialogFooter<'a> {
     | ------------------------- methods in this implementation
...
1086 |     pub fn confirm_disabled(mut self, disabled: bool) -> Self {
     |            ^^^^^^^^^^^^^^^^
...
1092 |     pub fn push(mut self, element: Element<'a, AppMessage>) -> Self {
     |            ^^^^

warning: constant `SVG_ELLIPSIS` is never used
  --> examples/iced_chat/icon_system.rs:45:7
   |
45 | const SVG_ELLIPSIS: &[u8] = include_bytes!("../../assets/icons/lucide/ellipsis.svg");
   |       ^^^^^^^^^^^^

warning: multiple variants are never constructed
   --> examples/iced_chat/icon_system.rs:88:5
    |
 76 | pub enum Icon {
    |          ---- variants in this enum
...
 88 |     ChatFilled,
    |     ^^^^^^^^^^
 89 |     Message,
    |     ^^^^^^^
...
104 |     Paperclip,
    |     ^^^^^^^^^
...
111 |     Online,
    |     ^^^^^^
112 |     Offline,
    |     ^^^^^^^
...
115 |     Retry,
    |     ^^^^^
...
130 |     Terminal,
    |     ^^^^^^^^
    |
    = note: `Icon` has derived impls for the traits `Clone` and `Debug`, but these are intentionally ignored during dead code analysis

warning: function `button_icon_destructive` is never used
   --> examples/iced_chat/icon_system.rs:334:8
    |
334 | pub fn button_icon_destructive(
    |        ^^^^^^^^^^^^^^^^^^^^^^^

warning: function `icon_with_tooltip` is never used
   --> examples/iced_chat/icon_system.rs:374:8
    |
374 | pub fn icon_with_tooltip<'a>(
    |        ^^^^^^^^^^^^^^^^^

warning: function `tooltip_for` is never used
   --> examples/iced_chat/icon_system.rs:388:8
    |
388 | pub fn tooltip_for<'a>(
    |        ^^^^^^^^^^^

warning: function `more_icon` is never used
   --> examples/iced_chat/icon_system.rs:403:8
    |
403 | pub fn more_icon<'a>(size: IconSize) -> svg::Svg<'a, iced::Theme> {
    |        ^^^^^^^^^

warning: function `more_vertical_icon` is never used
   --> examples/iced_chat/icon_system.rs:408:8
    |
408 | pub fn more_vertical_icon<'a>(size: IconSize) -> svg::Svg<'a, iced::Theme> {
    |        ^^^^^^^^^^^^^^^^^^

warning: multiple fields are never read
  --> examples/iced_chat/notification/focus.rs:30:9
   |
28 | pub struct WindowFocusTracker {
   |            ------------------ fields in this struct
29 |     /// Whether the window currently has keyboard focus.
30 |     pub window_focused: bool,
   |         ^^^^^^^^^^^^^^
31 |     /// Whether the window is visible on screen (not minimised or hidden).
32 |     pub window_visible: bool,
   |         ^^^^^^^^^^^^^^
33 |     /// Whether the window is minimised.
34 |     pub window_minimised: bool,
   |         ^^^^^^^^^^^^^^^^
35 |     /// Whether the app is running in background (tray/minimise-to-tray) mode.
36 |     pub running_in_background: bool,
   |         ^^^^^^^^^^^^^^^^^^^^^
37 |     /// The conversation topic currently active in the chat panel, if any.
38 |     pub active_conversation_id: Option<String>,
   |         ^^^^^^^^^^^^^^^^^^^^^^
39 |     /// Timestamp of the last focus transition (for debounce logic).
40 |     last_focus_change: Instant,
   |     ^^^^^^^^^^^^^^^^^
41 |     /// Number of focus events received (for diagnostics).
42 |     focus_event_count: u64,
   |     ^^^^^^^^^^^^^^^^^
   |
   = note: `WindowFocusTracker` has derived impls for the traits `Clone` and `Debug`, but these are intentionally ignored during dead code analysis

warning: multiple methods are never used
   --> examples/iced_chat/notification/focus.rs:66:12
    |
 51 | impl WindowFocusTracker {
    | ----------------------- methods in this implementation
...
 66 |     pub fn on_focused(&mut self) -> Vec<(String, String)> {
    |            ^^^^^^^^^^
...
 83 |     pub fn on_unfocused(&mut self) -> Vec<(String, String)> {
    |            ^^^^^^^^^^^^
...
100 |     pub fn on_minimised(&mut self) -> Vec<(String, String)> {
    |            ^^^^^^^^^^^^
...
117 |     pub fn on_restored(&mut self) -> Vec<(String, String)> {
    |            ^^^^^^^^^^^
...
134 |     pub fn on_conversation_changed(&mut self, topic: Option<String>) {
    |            ^^^^^^^^^^^^^^^^^^^^^^^
...
146 |     pub fn set_running_in_background(&mut self, bg: bool) {
    |            ^^^^^^^^^^^^^^^^^^^^^^^^^
...
158 |     pub fn to_focus_state(&self) -> WindowFocusState {
    |            ^^^^^^^^^^^^^^
...
169 |     pub fn focus_event_count(&self) -> u64 {
    |            ^^^^^^^^^^^^^^^^^
...
174 |     pub fn time_since_last_change(&self) -> Duration {
    |            ^^^^^^^^^^^^^^^^^^^^^^

warning: enum `PreviewMode` is never used
  --> examples/iced_chat/notification/render.rs:11:10
   |
11 | pub enum PreviewMode {
   |          ^^^^^^^^^^^

warning: associated items `from_str` and `as_str` are never used
  --> examples/iced_chat/notification/render.rs:22:12
   |
20 | impl PreviewMode {
   | ---------------- associated items in this implementation
21 |     /// Parse from a string (e.g. from settings).
22 |     pub fn from_str(s: &str) -> Self {
   |            ^^^^^^^^
...
31 |     pub fn as_str(&self) -> &'static str {
   |            ^^^^^^

warning: struct `RenderedNotification` is never constructed
  --> examples/iced_chat/notification/render.rs:42:12
   |
42 | pub struct RenderedNotification {
   |            ^^^^^^^^^^^^^^^^^^^^

warning: function `render_event` is never used
  --> examples/iced_chat/notification/render.rs:57:8
   |
57 | pub fn render_event(event: &NotificationEvent, preview_mode: PreviewMode) -> RenderedNotification {
   |        ^^^^^^^^^^^^

warning: function `render_hidden_body` is never used
  --> examples/iced_chat/notification/render.rs:84:4
   |
84 | fn render_hidden_body(kind: NotificationEventKind) -> String {
   |    ^^^^^^^^^^^^^^^^^^

warning: function `render_sender_only_body` is never used
  --> examples/iced_chat/notification/render.rs:97:4
   |
97 | fn render_sender_only_body(kind: NotificationEventKind) -> String {
   |    ^^^^^^^^^^^^^^^^^^^^^^^

warning: function `sanitize_preview` is never used
   --> examples/iced_chat/notification/render.rs:114:8
    |
114 | pub fn sanitize_preview(text: &str) -> String {
    |        ^^^^^^^^^^^^^^^^

warning: function `render_group_summary` is never used
   --> examples/iced_chat/notification/render.rs:147:8
    |
147 | pub fn render_group_summary(title: &str, count: usize, conversations: usize) -> (String, String) {
    |        ^^^^^^^^^^^^^^^^^^^^

warning: function `continues_system_group` is never used
  --> examples/iced_chat/presentation.rs:47:15
   |
47 | pub(crate) fn continues_system_group(previous_is_chip: bool, current_is_chip: bool) -> bool {
   |               ^^^^^^^^^^^^^^^^^^^^^^

warning: function `format_shared_on_with` is never used
   --> examples/iced_chat/shared_by_me_table.rs:239:15
    |
239 | pub(crate) fn format_shared_on_with(shared_on_ms: u64, offset_seconds: i32) -> String {
    |               ^^^^^^^^^^^^^^^^^^^^^

warning: methods `padding`, `spacing`, and `width` are never used
   --> examples/iced_chat/ui_components.rs:226:12
    |
212 | impl<'a, Message: Clone + 'a> Card<'a, Message> {
    | ----------------------------------------------- methods in this implementation
...
226 |     pub fn padding(mut self, vertical: f32, horizontal: f32) -> Self {
    |            ^^^^^^^
...
233 |     pub fn spacing(mut self, s: f32) -> Self {
    |            ^^^^^^^
...
239 |     pub fn width(mut self, w: Length) -> Self {
    |            ^^^^^

warning: function `button_ghost_style` is never used
   --> examples/iced_chat/ui_components.rs:425:8
    |
425 | pub fn button_ghost_style(theme: &Theme, status: button::Status) -> button::Style {
    |        ^^^^^^^^^^^^^^^^^^

warning: method `padding` is never used
   --> examples/iced_chat/ui_components.rs:878:12
    |
832 | impl<'a, Message: Clone + 'a> ListRow<'a, Message> {
    | -------------------------------------------------- method in this implementation
...
878 |     pub fn padding(mut self, vertical: f32, horizontal: f32) -> Self {
    |            ^^^^^^^

warning: variants `Paused` and `Error` are never constructed
    --> examples/iced_chat/ui_components.rs:1816:5
     |
1812 | pub enum ProgressKind {
     |          ------------ variants in this enum
...
1816 |     Paused,
     |     ^^^^^^
1817 |     /// Error — fill uses `color_danger`.
1818 |     Error,
     |     ^^^^^
     |
     = note: `ProgressKind` has derived impls for the traits `Clone` and `Debug`, but these are intentionally ignored during dead code analysis

warning: variant `Warning` is never constructed
    --> examples/iced_chat/ui_components.rs:2520:5
     |
2514 | pub(crate) enum NoticeSeverity {
     |                 -------------- variant in this enum
...
2520 |     Warning,
     |     ^^^^^^^
     |
     = note: `NoticeSeverity` has derived impls for the traits `Debug` and `Clone`, but these are intentionally ignored during dead code analysis

warning: this lint expectation is unfulfilled
   --> examples/iced_chat/app.rs:800:10
    |
800 | #[expect(dead_code)]
    |          ^^^^^^^^^
    |
    = note: `#[warn(unfulfilled_lint_expectations)]` on by default

warning: this lint expectation is unfulfilled
    --> examples/iced_chat/app.rs:9403:10
     |
9403 | #[expect(dead_code)]
     |          ^^^^^^^^^

warning: this lint expectation is unfulfilled
    --> examples/iced_chat/app.rs:9412:10
     |
9412 | #[expect(dead_code)]
     |          ^^^^^^^^^

warning: this lint expectation is unfulfilled
  --> examples/iced_chat/notification/backend.rs:84:10
   |
84 | #[expect(dead_code)]
   |          ^^^^^^^^^

warning: this lint expectation is unfulfilled
    --> examples/iced_chat/mcp_server.rs:1875:14
     |
1875 |     #[expect(dead_code)]
     |              ^^^^^^^^^

warning: this lint expectation is unfulfilled
   --> examples/iced_chat/notification/service.rs:266:14
    |
266 |     #[expect(dead_code)]
    |              ^^^^^^^^^

warning: `boru-core` (example "boru") generated 207 warnings (run `cargo fix --example "boru" -p boru-core` to apply 57 suggestions)
    Finished `dev` profile [unoptimized + debuginfo] target(s) in 14.78s
BUILD_EXIT=0
